START lvit qata 1001 GPU 3
[W Context.cpp:70] Warning: torch.use_deterministic_algorithms is in beta, and its design and functionality may change in the future. (function operator())
{"epoch": 1, "train_loss": 0.2904923764338353, "val_dice": 0.5654335338557158, "lr": 0.00029510565162951536}
{"epoch": 2, "train_loss": 0.22196973362081196, "val_dice": 0.7001382456945993, "lr": 0.00028090169943749475}
{"epoch": 3, "train_loss": 0.19831823804621057, "val_dice": 0.7274046474878733, "lr": 0.0002587785252292473}
{"epoch": 4, "train_loss": 0.18143325323659987, "val_dice": 0.6928438022263489, "lr": 0.00023090169943749473}
{"epoch": 5, "train_loss": 0.16900838043428618, "val_dice": 0.7608202987091787, "lr": 0.00019999999999999998}
{"epoch": 6, "train_loss": 0.15677578709863174, "val_dice": 0.7542228825753462, "lr": 0.00016909830056250526}
{"epoch": 7, "train_loss": 0.14736028078179664, "val_dice": 0.772100265665101, "lr": 0.00014122147477075268}
{"epoch": 8, "train_loss": 0.13824862700172078, "val_dice": 0.7764890547864245, "lr": 0.00011909830056250527}
{"epoch": 9, "train_loss": 0.13030522770624403, "val_dice": 0.779395315032309, "lr": 0.00010489434837048466}
{"epoch": 10, "train_loss": 0.12375512065273366, "val_dice": 0.7724843019173258, "lr": 0.0003}
{"epoch": 11, "train_loss": 0.14329754617560506, "val_dice": 0.778402088258995, "lr": 0.00029510565162951536}
{"epoch": 12, "train_loss": 0.1406680853467792, "val_dice": 0.7710304647329556, "lr": 0.00028090169943749475}
{"epoch": 13, "train_loss": 0.13448153794635584, "val_dice": 0.773796388141246, "lr": 0.0002587785252292473}
{"epoch": 14, "train_loss": 0.1280738216719901, "val_dice": 0.7799854767831411, "lr": 0.00023090169943749473}
{"epoch": 15, "train_loss": 0.12234240856107671, "val_dice": 0.7694338232098069, "lr": 0.00019999999999999998}
{"epoch": 16, "train_loss": 0.11412282366868684, "val_dice": 0.7888523372133934, "lr": 0.00016909830056250526}
{"epoch": 17, "train_loss": 0.10724093542454478, "val_dice": 0.7821094608227634, "lr": 0.00014122147477075268}
{"epoch": 18, "train_loss": 0.10024731186270046, "val_dice": 0.796982783508768, "lr": 0.00011909830056250527}
{"epoch": 19, "train_loss": 0.09437772031336439, "val_dice": 0.788818401190015, "lr": 0.00010489434837048466}
{"epoch": 20, "train_loss": 0.08946605768847228, "val_dice": 0.7940727544256321, "lr": 0.0003}
{"epoch": 21, "train_loss": 0.1106899392284698, "val_dice": 0.7557549080901446, "lr": 0.00029510565162951536}
{"epoch": 22, "train_loss": 0.10889575256072533, "val_dice": 0.7964514363179097, "lr": 0.00028090169943749475}
{"epoch": 23, "train_loss": 0.10306401034860113, "val_dice": 0.7737055959256902, "lr": 0.0002587785252292473}
{"epoch": 24, "train_loss": 0.09780635163214049, "val_dice": 0.7849641180772561, "lr": 0.00023090169943749473}
{"epoch": 25, "train_loss": 0.09106144695128904, "val_dice": 0.7950337247843505, "lr": 0.00019999999999999998}
{"epoch": 26, "train_loss": 0.08368531130176061, "val_dice": 0.785919740535397, "lr": 0.00016909830056250526}
{"epoch": 27, "train_loss": 0.07791401486272909, "val_dice": 0.7807004887889615, "lr": 0.00014122147477075268}
{"epoch": 28, "train_loss": 0.07193515257110873, "val_dice": 0.799755201048685, "lr": 0.00011909830056250527}
{"epoch": 29, "train_loss": 0.06683928237222996, "val_dice": 0.8032057406687085, "lr": 0.00010489434837048466}
{"epoch": 30, "train_loss": 0.06277000139603629, "val_dice": 0.7897951087013064, "lr": 0.0003}
{"epoch": 31, "train_loss": 0.08336472304236793, "val_dice": 0.7830370115266136, "lr": 0.00029510565162951536}
{"epoch": 32, "train_loss": 0.07981762491385573, "val_dice": 0.7922124636911528, "lr": 0.00028090169943749475}
{"epoch": 33, "train_loss": 0.07520485397798457, "val_dice": 0.781494160687865, "lr": 0.0002587785252292473}
{"epoch": 34, "train_loss": 0.07089189722797748, "val_dice": 0.7879009938807318, "lr": 0.00023090169943749473}
{"epoch": 35, "train_loss": 0.06542126682083181, "val_dice": 0.7948701781063667, "lr": 0.00019999999999999998}
{"epoch": 36, "train_loss": 0.059971218775538106, "val_dice": 0.8013280886215627, "lr": 0.00016909830056250526}
{"epoch": 37, "train_loss": 0.05570677403188549, "val_dice": 0.7837796236581949, "lr": 0.00014122147477075268}
{"epoch": 38, "train_loss": 0.05145138913753818, "val_dice": 0.7906308118240911, "lr": 0.00011909830056250527}
{"epoch": 39, "train_loss": 0.04783089699626407, "val_dice": 0.7966465899750768, "lr": 0.00010489434837048466}
{"epoch": 40, "train_loss": 0.04501880346057693, "val_dice": 0.795154020057286, "lr": 0.0003}
{"epoch": 41, "train_loss": 0.06270182685974784, "val_dice": 0.7806158852004969, "lr": 0.00029510565162951536}
{"epoch": 42, "train_loss": 0.05787153163973041, "val_dice": 0.7869117491421707, "lr": 0.00028090169943749475}
{"epoch": 43, "train_loss": 0.05650715197340707, "val_dice": 0.7884858647704208, "lr": 0.0002587785252292473}
{"epoch": 44, "train_loss": 0.0516564323970275, "val_dice": 0.7916999820273101, "lr": 0.00023090169943749473}
{"epoch": 45, "train_loss": 0.0493722682899585, "val_dice": 0.7883774502616065, "lr": 0.00019999999999999998}
{"epoch": 46, "train_loss": 0.04413895371863377, "val_dice": 0.7922236016587945, "lr": 0.00016909830056250526}
{"epoch": 47, "train_loss": 0.04094262697660293, "val_dice": 0.7941063410812476, "lr": 0.00014122147477075268}
{"epoch": 48, "train_loss": 0.03804285463761666, "val_dice": 0.7920866846579451, "lr": 0.00011909830056250527}
{"epoch": 49, "train_loss": 0.034952082668292285, "val_dice": 0.7946439959770988, "lr": 0.00010489434837048466}
{"epoch": 50, "train_loss": 0.032847091230381986, "val_dice": 0.7959559924373933, "lr": 0.0003}
{"epoch": 51, "train_loss": 0.04531746272107181, "val_dice": 0.7864686638179402, "lr": 0.00029510565162951536}
{"epoch": 52, "train_loss": 0.04554778155906581, "val_dice": 0.792078382928026, "lr": 0.00028090169943749475}
{"epoch": 53, "train_loss": 0.04378359485808642, "val_dice": 0.7919515096240314, "lr": 0.0002587785252292473}
{"epoch": 54, "train_loss": 0.038822868177725914, "val_dice": 0.7932347553105017, "lr": 0.00023090169943749473}
{"epoch": 55, "train_loss": 0.036513694456111745, "val_dice": 0.7940251655405545, "lr": 0.00019999999999999998}
{"epoch": 56, "train_loss": 0.0339341454421013, "val_dice": 0.7957004277365369, "lr": 0.00016909830056250526}
{"epoch": 57, "train_loss": 0.03105864719897665, "val_dice": 0.8011297607563691, "lr": 0.00014122147477075268}
{"epoch": 58, "train_loss": 0.028625411365997173, "val_dice": 0.797840683380151, "lr": 0.00011909830056250527}
{"epoch": 59, "train_loss": 0.02648626701245469, "val_dice": 0.7967629222351825, "lr": 0.00010489434837048466}
{"epoch": 60, "train_loss": 0.024793317323476286, "val_dice": 0.7971270770209915, "lr": 0.0003}
{"epoch": 61, "train_loss": 0.035467240372196916, "val_dice": 0.7662492689773148, "lr": 0.00029510565162951536}
{"epoch": 62, "train_loss": 0.03663212239926067, "val_dice": 0.7818804777249609, "lr": 0.00028090169943749475}
{"epoch": 63, "train_loss": 0.03473578514062009, "val_dice": 0.7609664511751512, "lr": 0.0002587785252292473}
{"epoch": 64, "train_loss": 0.03275463500622584, "val_dice": 0.790155735182295, "lr": 0.00023090169943749473}
{"epoch": 65, "train_loss": 0.028355502005356272, "val_dice": 0.7896826590709206, "lr": 0.00019999999999999998}
{"epoch": 66, "train_loss": 0.026987452097784564, "val_dice": 0.7951714932251177, "lr": 0.00016909830056250526}
{"epoch": 67, "train_loss": 0.025019877149669377, "val_dice": 0.7953111392121952, "lr": 0.00014122147477075268}
{"epoch": 68, "train_loss": 0.022859145672450936, "val_dice": 0.796306821288889, "lr": 0.00011909830056250527}
{"epoch": 69, "train_loss": 0.020977195126165495, "val_dice": 0.7938282659330762, "lr": 0.00010489434837048466}
{"epoch": 70, "train_loss": 0.01966322667439233, "val_dice": 0.8000107702881911, "lr": 0.0003}
{"epoch": 71, "train_loss": 0.029609617449022553, "val_dice": 0.786976323230355, "lr": 0.00029510565162951536}
{"epoch": 72, "train_loss": 0.030425644425924235, "val_dice": 0.782987436906619, "lr": 0.00028090169943749475}
{"epoch": 73, "train_loss": 0.026104324558219285, "val_dice": 0.7847228235232853, "lr": 0.0002587785252292473}
{"epoch": 74, "train_loss": 0.025871418114423107, "val_dice": 0.7959694540150271, "lr": 0.00023090169943749473}
{"epoch": 75, "train_loss": 0.024128702690432526, "val_dice": 0.7910345350219454, "lr": 0.00019999999999999998}
{"epoch": 76, "train_loss": 0.02232834207776483, "val_dice": 0.797946051628628, "lr": 0.00016909830056250526}
{"epoch": 77, "train_loss": 0.020181634092535317, "val_dice": 0.7917733753870383, "lr": 0.00014122147477075268}
{"epoch": 78, "train_loss": 0.018765659576270174, "val_dice": 0.791493131281864, "lr": 0.00011909830056250527}
{"epoch": 79, "train_loss": 0.017289214945112163, "val_dice": 0.7939944216594402, "lr": 0.00010489434837048466}
{"epoch": 80, "train_loss": 0.01601774757499875, "val_dice": 0.7972474730331802, "lr": 0.0003}
COMPLETE lvit qata 1001
START lvit qata 1002 GPU 3
[W Context.cpp:70] Warning: torch.use_deterministic_algorithms is in beta, and its design and functionality may change in the future. (function operator())
{"epoch": 1, "train_loss": 0.29431530316031174, "val_dice": 0.7018182444939504, "lr": 0.00029510565162951536}
{"epoch": 2, "train_loss": 0.21657414137508962, "val_dice": 0.6992793246644873, "lr": 0.00028090169943749475}
{"epoch": 3, "train_loss": 0.19071442232922795, "val_dice": 0.6730048552809726, "lr": 0.0002587785252292473}
{"epoch": 4, "train_loss": 0.17370693224493317, "val_dice": 0.7578181236815502, "lr": 0.00023090169943749473}
{"epoch": 5, "train_loss": 0.15980154374957167, "val_dice": 0.7694970211046738, "lr": 0.00019999999999999998}
{"epoch": 6, "train_loss": 0.14941208130120187, "val_dice": 0.7856049566856208, "lr": 0.00016909830056250526}
{"epoch": 7, "train_loss": 0.14057916336535803, "val_dice": 0.7733574780740464, "lr": 0.00014122147477075268}
{"epoch": 8, "train_loss": 0.13247749995651406, "val_dice": 0.7865015360506536, "lr": 0.00011909830056250527}
{"epoch": 9, "train_loss": 0.12676768869414476, "val_dice": 0.7863018732124313, "lr": 0.00010489434837048466}
{"epoch": 10, "train_loss": 0.12000201441519656, "val_dice": 0.7725484398088729, "lr": 0.0003}
{"epoch": 11, "train_loss": 0.13922058399036746, "val_dice": 0.7756810144288628, "lr": 0.00029510565162951536}
{"epoch": 12, "train_loss": 0.1375657565581519, "val_dice": 0.7779069396063029, "lr": 0.00028090169943749475}
{"epoch": 13, "train_loss": 0.13110514480602375, "val_dice": 0.7719004527099321, "lr": 0.0002587785252292473}
{"epoch": 14, "train_loss": 0.12397924376530423, "val_dice": 0.7748803501366067, "lr": 0.00023090169943749473}
{"epoch": 15, "train_loss": 0.11769214252947176, "val_dice": 0.7824026646732534, "lr": 0.00019999999999999998}
{"epoch": 16, "train_loss": 0.11129249189051613, "val_dice": 0.7955861582549157, "lr": 0.00016909830056250526}
{"epoch": 17, "train_loss": 0.10289894096342166, "val_dice": 0.797863393323333, "lr": 0.00014122147477075268}
{"epoch": 18, "train_loss": 0.09514906643736688, "val_dice": 0.8006288766902673, "lr": 0.00011909830056250527}
{"epoch": 19, "train_loss": 0.09004613337419182, "val_dice": 0.7985210855621153, "lr": 0.00010489434837048466}
{"epoch": 20, "train_loss": 0.08445447398593389, "val_dice": 0.797846167216024, "lr": 0.0003}
{"epoch": 21, "train_loss": 0.10595811472291959, "val_dice": 0.7806932192277541, "lr": 0.00029510565162951536}
{"epoch": 22, "train_loss": 0.10495187471209497, "val_dice": 0.7939290888581433, "lr": 0.00028090169943749475}
{"epoch": 23, "train_loss": 0.09898651881303776, "val_dice": 0.7915187719398069, "lr": 0.0002587785252292473}
{"epoch": 24, "train_loss": 0.09428071667439585, "val_dice": 0.7841787970174519, "lr": 0.00023090169943749473}
{"epoch": 25, "train_loss": 0.08687768116765418, "val_dice": 0.7928919031788537, "lr": 0.00019999999999999998}
{"epoch": 26, "train_loss": 0.07925086949500297, "val_dice": 0.8017780636264529, "lr": 0.00016909830056250526}
{"epoch": 27, "train_loss": 0.07316919950608027, "val_dice": 0.8014427658725736, "lr": 0.00014122147477075268}
{"epoch": 28, "train_loss": 0.06745054956233588, "val_dice": 0.7978449120982032, "lr": 0.00011909830056250527}
{"epoch": 29, "train_loss": 0.062486672001005134, "val_dice": 0.8020463655510509, "lr": 0.00010489434837048466}
{"epoch": 30, "train_loss": 0.058771387861612755, "val_dice": 0.7957813793792017, "lr": 0.0003}
{"epoch": 31, "train_loss": 0.07940672176705635, "val_dice": 0.7877741360931316, "lr": 0.00029510565162951536}
{"epoch": 32, "train_loss": 0.07568891849460054, "val_dice": 0.7795069335306166, "lr": 0.00028090169943749475}
{"epoch": 33, "train_loss": 0.07349889193504444, "val_dice": 0.7898762522668085, "lr": 0.0002587785252292473}
{"epoch": 34, "train_loss": 0.06940447145511192, "val_dice": 0.7949402751915934, "lr": 0.00023090169943749473}
{"epoch": 35, "train_loss": 0.061883343667172526, "val_dice": 0.7927738989750933, "lr": 0.00019999999999999998}
{"epoch": 36, "train_loss": 0.058843785689647085, "val_dice": 0.7966103661802785, "lr": 0.00016909830056250526}
{"epoch": 37, "train_loss": 0.05214643157286044, "val_dice": 0.7979759115952558, "lr": 0.00014122147477075268}
{"epoch": 38, "train_loss": 0.048885421117049487, "val_dice": 0.7996023045377018, "lr": 0.00011909830056250527}
{"epoch": 39, "train_loss": 0.04520788055077518, "val_dice": 0.7999121989296232, "lr": 0.00010489434837048466}
{"epoch": 40, "train_loss": 0.04217267405512848, "val_dice": 0.8014764636025051, "lr": 0.0003}
{"epoch": 41, "train_loss": 0.06102237764920614, "val_dice": 0.7702067260603708, "lr": 0.00029510565162951536}
{"epoch": 42, "train_loss": 0.05803574369588125, "val_dice": 0.7941634466049136, "lr": 0.00028090169943749475}
{"epoch": 43, "train_loss": 0.05374063403222468, "val_dice": 0.7916667956710279, "lr": 0.0002587785252292473}
{"epoch": 44, "train_loss": 0.04867725849328882, "val_dice": 0.7979687720516331, "lr": 0.00023090169943749473}
{"epoch": 45, "train_loss": 0.0457768099886959, "val_dice": 0.7846744459688121, "lr": 0.00019999999999999998}
{"epoch": 46, "train_loss": 0.042309158692818115, "val_dice": 0.7951634357324258, "lr": 0.00016909830056250526}
{"epoch": 47, "train_loss": 0.03874968034277186, "val_dice": 0.7958670030781404, "lr": 0.00014122147477075268}
{"epoch": 48, "train_loss": 0.03558288373612258, "val_dice": 0.8032988681711459, "lr": 0.00011909830056250527}
{"epoch": 49, "train_loss": 0.03303512932825247, "val_dice": 0.7962103806399565, "lr": 0.00010489434837048466}
{"epoch": 50, "train_loss": 0.030936880557269297, "val_dice": 0.8037650404984172, "lr": 0.0003}
{"epoch": 51, "train_loss": 0.045762176603271754, "val_dice": 0.79399139387696, "lr": 0.00029510565162951536}
{"epoch": 52, "train_loss": 0.04387821159680733, "val_dice": 0.79634492473639, "lr": 0.00028090169943749475}
{"epoch": 53, "train_loss": 0.03888762507201847, "val_dice": 0.7906319504021097, "lr": 0.0002587785252292473}
{"epoch": 54, "train_loss": 0.036816106069353365, "val_dice": 0.7986986411251832, "lr": 0.00023090169943749473}
{"epoch": 55, "train_loss": 0.03515279103634896, "val_dice": 0.7898152702291834, "lr": 0.00019999999999999998}
{"epoch": 56, "train_loss": 0.03168248718713936, "val_dice": 0.7991096432430916, "lr": 0.00016909830056250526}
{"epoch": 57, "train_loss": 0.029415054720917037, "val_dice": 0.7950848783956198, "lr": 0.00014122147477075268}
{"epoch": 58, "train_loss": 0.02703562371225531, "val_dice": 0.7977343530943546, "lr": 0.00011909830056250527}
{"epoch": 59, "train_loss": 0.02476936821650487, "val_dice": 0.8021418843718156, "lr": 0.00010489434837048466}
{"epoch": 60, "train_loss": 0.023305975754489176, "val_dice": 0.7996596530903629, "lr": 0.0003}
{"epoch": 61, "train_loss": 0.03439718466760438, "val_dice": 0.7989363852207939, "lr": 0.00029510565162951536}
{"epoch": 62, "train_loss": 0.034095862322468036, "val_dice": 0.7935341208067868, "lr": 0.00028090169943749475}
{"epoch": 63, "train_loss": 0.032673228430080095, "val_dice": 0.7950126300165085, "lr": 0.0002587785252292473}
{"epoch": 64, "train_loss": 0.029517774681962813, "val_dice": 0.7907648202086596, "lr": 0.00023090169943749473}
{"epoch": 65, "train_loss": 0.02695708570935411, "val_dice": 0.7948746895398019, "lr": 0.00019999999999999998}
{"epoch": 66, "train_loss": 0.026318160176702087, "val_dice": 0.7951049611566783, "lr": 0.00016909830056250526}
{"epoch": 67, "train_loss": 0.023571960289784668, "val_dice": 0.7995141376099276, "lr": 0.00014122147477075268}
{"epoch": 68, "train_loss": 0.02130526411747905, "val_dice": 0.7989735793324931, "lr": 0.00011909830056250527}
{"epoch": 69, "train_loss": 0.019907596544215964, "val_dice": 0.797356251092788, "lr": 0.00010489434837048466}
{"epoch": 70, "train_loss": 0.018396724729444845, "val_dice": 0.7998593880464515, "lr": 0.0003}
{"epoch": 71, "train_loss": 0.033178346098300934, "val_dice": 0.780733696454217, "lr": 0.00029510565162951536}
{"epoch": 72, "train_loss": 0.028022776769397243, "val_dice": 0.7748582610734032, "lr": 0.00028090169943749475}
{"epoch": 73, "train_loss": 0.027242619102720387, "val_dice": 0.795776545813736, "lr": 0.0002587785252292473}
{"epoch": 74, "train_loss": 0.023861408944354453, "val_dice": 0.7518379838201342, "lr": 0.00023090169943749473}
{"epoch": 75, "train_loss": 0.023217608949509718, "val_dice": 0.7931880930280919, "lr": 0.00019999999999999998}
{"epoch": 76, "train_loss": 0.021644222145043756, "val_dice": 0.7986791438577557, "lr": 0.00016909830056250526}
{"epoch": 77, "train_loss": 0.019555495244413718, "val_dice": 0.7933718550030046, "lr": 0.00014122147477075268}
{"epoch": 78, "train_loss": 0.017875243032428042, "val_dice": 0.798606737624356, "lr": 0.00011909830056250527}
{"epoch": 79, "train_loss": 0.01641198393919403, "val_dice": 0.7984391524084303, "lr": 0.00010489434837048466}
{"epoch": 80, "train_loss": 0.015249523069602656, "val_dice": 0.7974473284290252, "lr": 0.0003}
{"epoch": 81, "train_loss": 0.02385426274982416, "val_dice": 0.7937900983970261, "lr": 0.00029510565162951536}
{"epoch": 82, "train_loss": 0.022126258383169405, "val_dice": 0.7915403265857963, "lr": 0.00028090169943749475}
{"epoch": 83, "train_loss": 0.021837797714560243, "val_dice": 0.7941785284361695, "lr": 0.0002587785252292473}
{"epoch": 84, "train_loss": 0.022476851421377723, "val_dice": 0.7899465715868478, "lr": 0.00023090169943749473}
{"epoch": 85, "train_loss": 0.02030832819546787, "val_dice": 0.8027712784504206, "lr": 0.00019999999999999998}
{"epoch": 86, "train_loss": 0.018153456805183953, "val_dice": 0.7960950146820931, "lr": 0.00016909830056250526}
{"epoch": 87, "train_loss": 0.016741619381839847, "val_dice": 0.7999421619009187, "lr": 0.00014122147477075268}
{"epoch": 88, "train_loss": 0.014762256055792691, "val_dice": 0.8007507444554229, "lr": 0.00011909830056250527}
{"epoch": 89, "train_loss": 0.013996611217472199, "val_dice": 0.8014770745605418, "lr": 0.00010489434837048466}
{"epoch": 90, "train_loss": 0.012990150982585715, "val_dice": 0.7920410418693964, "lr": 0.0003}
{"epoch": 91, "train_loss": 0.021396867386857275, "val_dice": 0.7936996937715732, "lr": 0.00029510565162951536}
{"epoch": 92, "train_loss": 0.01862017603094466, "val_dice": 0.7852396208811173, "lr": 0.00028090169943749475}
{"epoch": 93, "train_loss": 0.019890845478874056, "val_dice": 0.7988144407913016, "lr": 0.0002587785252292473}
{"epoch": 94, "train_loss": 0.017833841918003756, "val_dice": 0.7943244634640643, "lr": 0.00023090169943749473}
{"epoch": 95, "train_loss": 0.017080329516296455, "val_dice": 0.7974967636413054, "lr": 0.00019999999999999998}
{"epoch": 96, "train_loss": 0.015982581858449543, "val_dice": 0.7987946886086981, "lr": 0.00016909830056250526}
{"epoch": 97, "train_loss": 0.014493409980237067, "val_dice": 0.8000636829872745, "lr": 0.00014122147477075268}
{"epoch": 98, "train_loss": 0.013112410289209996, "val_dice": 0.8002615594380047, "lr": 0.00011909830056250527}
{"epoch": 99, "train_loss": 0.011872684613373352, "val_dice": 0.7989025512218809, "lr": 0.00010489434837048466}
{"epoch": 100, "train_loss": 0.011044957027871597, "val_dice": 0.8013095507219674, "lr": 0.0003}
{"epoch": 101, "train_loss": 0.01824020275108365, "val_dice": 0.7956999558264597, "lr": 0.00029510565162951536}
COMPLETE lvit qata 1002
START lvit qata 1003 GPU 3
Traceback (most recent call last):
  File "/data/ramialle/LanguageGuidedMedicalSegmentation/methods/phase1_language_guided/main_experiment.py", line 368, in <module>
    main()
  File "/data/ramialle/LanguageGuidedMedicalSegmentation/methods/phase1_language_guided/main_experiment.py", line 359, in main
    run(args)
  File "/data/ramialle/LanguageGuidedMedicalSegmentation/methods/phase1_language_guided/main_experiment.py", line 216, in run
    fcntl.flock(lock, fcntl.LOCK_EX | fcntl.LOCK_NB)
BlockingIOError: [Errno 11] Resource temporarily unavailable
