START lvit mosmed 1001 GPU 3
[W Context.cpp:70] Warning: torch.use_deterministic_algorithms is in beta, and its design and functionality may change in the future. (function operator())
{"epoch": 1, "train_loss": 0.47882819370305824, "val_dice": 0.3449358237333504, "lr": 0.00029510565162951536}
{"epoch": 2, "train_loss": 0.34690226505234206, "val_dice": 0.564924762512294, "lr": 0.00028090169943749475}
{"epoch": 3, "train_loss": 0.29334795252256785, "val_dice": 0.5248245806934086, "lr": 0.0002587785252292473}
{"epoch": 4, "train_loss": 0.26033844589709143, "val_dice": 0.6064631321258892, "lr": 0.00023090169943749473}
{"epoch": 5, "train_loss": 0.23548838834599395, "val_dice": 0.5971401144219755, "lr": 0.00019999999999999998}
{"epoch": 6, "train_loss": 0.22014379243602183, "val_dice": 0.6047156323739399, "lr": 0.00016909830056250526}
{"epoch": 7, "train_loss": 0.1966330247364708, "val_dice": 0.619646187582708, "lr": 0.00014122147477075268}
{"epoch": 8, "train_loss": 0.18571334553696855, "val_dice": 0.6916273445300161, "lr": 0.00011909830056250527}
{"epoch": 9, "train_loss": 0.16927919509945458, "val_dice": 0.6928531309287117, "lr": 0.00010489434837048466}
{"epoch": 10, "train_loss": 0.16082847031326228, "val_dice": 0.6798298196495411, "lr": 0.0003}
{"epoch": 11, "train_loss": 0.20170756010392005, "val_dice": 0.6476093025225933, "lr": 0.00029510565162951536}
{"epoch": 12, "train_loss": 0.18895687388185783, "val_dice": 0.6379080491153272, "lr": 0.00028090169943749475}
{"epoch": 13, "train_loss": 0.17814260176708335, "val_dice": 0.6770278882039221, "lr": 0.0002587785252292473}
{"epoch": 14, "train_loss": 0.17051096142772137, "val_dice": 0.6879901755615635, "lr": 0.00023090169943749473}
{"epoch": 15, "train_loss": 0.1590352273564295, "val_dice": 0.6888627712220567, "lr": 0.00019999999999999998}
{"epoch": 16, "train_loss": 0.14795422545481657, "val_dice": 0.7081600720194985, "lr": 0.00016909830056250526}
{"epoch": 17, "train_loss": 0.14054738820230703, "val_dice": 0.7126716132738224, "lr": 0.00014122147477075268}
{"epoch": 18, "train_loss": 0.1348932812124798, "val_dice": 0.718024350719812, "lr": 0.00011909830056250527}
{"epoch": 19, "train_loss": 0.12984290525726846, "val_dice": 0.7250836456463048, "lr": 0.00010489434837048466}
{"epoch": 20, "train_loss": 0.12247819350210935, "val_dice": 0.7303532658984514, "lr": 0.0003}
{"epoch": 21, "train_loss": 0.16620115675074812, "val_dice": 0.6678901254721583, "lr": 0.00029510565162951536}
{"epoch": 22, "train_loss": 0.14704077996373313, "val_dice": 0.7024214145032243, "lr": 0.00028090169943749475}
{"epoch": 23, "train_loss": 0.1426816396329889, "val_dice": 0.7047853405401963, "lr": 0.0002587785252292473}
{"epoch": 24, "train_loss": 0.13579686672639055, "val_dice": 0.6854426574038696, "lr": 0.00023090169943749473}
{"epoch": 25, "train_loss": 0.13015501966693557, "val_dice": 0.7279383191664104, "lr": 0.00019999999999999998}
{"epoch": 26, "train_loss": 0.12040951027868813, "val_dice": 0.7351700627762884, "lr": 0.00016909830056250526}
{"epoch": 27, "train_loss": 0.1183037219391997, "val_dice": 0.7174538696691973, "lr": 0.00014122147477075268}
{"epoch": 28, "train_loss": 0.11062984798159045, "val_dice": 0.7384284074573823, "lr": 0.00011909830056250527}
{"epoch": 29, "train_loss": 0.1075553472355469, "val_dice": 0.732471071337126, "lr": 0.00010489434837048466}
{"epoch": 30, "train_loss": 0.10238064281676575, "val_dice": 0.7434062772607367, "lr": 0.0003}
{"epoch": 31, "train_loss": 0.1349735528418425, "val_dice": 0.7266261055895066, "lr": 0.00029510565162951536}
{"epoch": 32, "train_loss": 0.12537457165388308, "val_dice": 0.7079100506017901, "lr": 0.00028090169943749475}
{"epoch": 33, "train_loss": 0.11810942333008143, "val_dice": 0.7127076803069365, "lr": 0.0002587785252292473}
{"epoch": 34, "train_loss": 0.11369193737893307, "val_dice": 0.733607274171144, "lr": 0.00023090169943749473}
{"epoch": 35, "train_loss": 0.11092386525316336, "val_dice": 0.7225098122369038, "lr": 0.00019999999999999998}
{"epoch": 36, "train_loss": 0.10408909778022138, "val_dice": 0.7407414082531525, "lr": 0.00016909830056250526}
{"epoch": 37, "train_loss": 0.09835134578478295, "val_dice": 0.7467607221218759, "lr": 0.00014122147477075268}
{"epoch": 38, "train_loss": 0.09441474673230486, "val_dice": 0.753923037232196, "lr": 0.00011909830056250527}
{"epoch": 39, "train_loss": 0.09009364394328097, "val_dice": 0.7617062837635625, "lr": 0.00010489434837048466}
{"epoch": 40, "train_loss": 0.08740841194492299, "val_dice": 0.7485267553026671, "lr": 0.0003}
{"epoch": 41, "train_loss": 0.11536423389598266, "val_dice": 0.7160988872534078, "lr": 0.00029510565162951536}
{"epoch": 42, "train_loss": 0.11306730977431333, "val_dice": 0.6480153562155823, "lr": 0.00028090169943749475}
{"epoch": 43, "train_loss": 0.10939691600657547, "val_dice": 0.7418822705472907, "lr": 0.0002587785252292473}
{"epoch": 44, "train_loss": 0.0971902312341766, "val_dice": 0.7423029532421644, "lr": 0.00023090169943749473}
{"epoch": 45, "train_loss": 0.09294173779885657, "val_dice": 0.7300529031240695, "lr": 0.00019999999999999998}
{"epoch": 46, "train_loss": 0.09618110558549359, "val_dice": 0.7474366569000742, "lr": 0.00016909830056250526}
{"epoch": 47, "train_loss": 0.08542799116256311, "val_dice": 0.7500724771339233, "lr": 0.00014122147477075268}
{"epoch": 48, "train_loss": 0.08242837883284548, "val_dice": 0.7655528643993273, "lr": 0.00011909830056250527}
{"epoch": 49, "train_loss": 0.07960809118414185, "val_dice": 0.7522645995736941, "lr": 0.00010489434837048466}
{"epoch": 50, "train_loss": 0.07728122784740121, "val_dice": 0.7611691811605776, "lr": 0.0003}
{"epoch": 51, "train_loss": 0.10341954834434926, "val_dice": 0.7421147226605317, "lr": 0.00029510565162951536}
{"epoch": 52, "train_loss": 0.09877729735935677, "val_dice": 0.7480227323909646, "lr": 0.00028090169943749475}
{"epoch": 53, "train_loss": 0.09594054192407024, "val_dice": 0.7553892415911982, "lr": 0.0002587785252292473}
{"epoch": 54, "train_loss": 0.08925238954071874, "val_dice": 0.7403548530364746, "lr": 0.00023090169943749473}
{"epoch": 55, "train_loss": 0.09108724554772366, "val_dice": 0.760911078147539, "lr": 0.00019999999999999998}
{"epoch": 56, "train_loss": 0.08129979674314988, "val_dice": 0.7611591240361298, "lr": 0.00016909830056250526}
{"epoch": 57, "train_loss": 0.07813069954907088, "val_dice": 0.7753722621319769, "lr": 0.00014122147477075268}
{"epoch": 58, "train_loss": 0.07435710526115227, "val_dice": 0.770777224130434, "lr": 0.00011909830056250527}
{"epoch": 59, "train_loss": 0.07064959340497322, "val_dice": 0.769777190664813, "lr": 0.00010489434837048466}
{"epoch": 60, "train_loss": 0.06860431315076515, "val_dice": 0.7692402127951179, "lr": 0.0003}
{"epoch": 61, "train_loss": 0.09384015923897221, "val_dice": 0.754448690185285, "lr": 0.00029510565162951536}
{"epoch": 62, "train_loss": 0.09111108895463768, "val_dice": 0.7605791357889328, "lr": 0.00028090169943749475}
{"epoch": 63, "train_loss": 0.08311265407029843, "val_dice": 0.7633595832834528, "lr": 0.0002587785252292473}
{"epoch": 64, "train_loss": 0.0792480233079516, "val_dice": 0.7432247279915166, "lr": 0.00023090169943749473}
{"epoch": 65, "train_loss": 0.07972224514807691, "val_dice": 0.7531289429631877, "lr": 0.00019999999999999998}
{"epoch": 66, "train_loss": 0.07411640522337998, "val_dice": 0.7657558359461464, "lr": 0.00016909830056250526}
{"epoch": 67, "train_loss": 0.06938701640400621, "val_dice": 0.7584199260246836, "lr": 0.00014122147477075268}
{"epoch": 68, "train_loss": 0.06700922467480205, "val_dice": 0.7754807555429996, "lr": 0.00011909830056250527}
{"epoch": 69, "train_loss": 0.06438211104347193, "val_dice": 0.7759358215250194, "lr": 0.00010489434837048466}
{"epoch": 70, "train_loss": 0.06233172927623591, "val_dice": 0.7718765949766477, "lr": 0.0003}
{"epoch": 71, "train_loss": 0.08576669513257508, "val_dice": 0.7689762373265194, "lr": 0.00029510565162951536}
{"epoch": 72, "train_loss": 0.07790986664874856, "val_dice": 0.7651713910241967, "lr": 0.00028090169943749475}
{"epoch": 73, "train_loss": 0.07557229111387148, "val_dice": 0.7655187903879982, "lr": 0.0002587785252292473}
{"epoch": 74, "train_loss": 0.07087335244614848, "val_dice": 0.7601296059122348, "lr": 0.00023090169943749473}
{"epoch": 75, "train_loss": 0.06820488079981228, "val_dice": 0.7641900160288101, "lr": 0.00019999999999999998}
{"epoch": 76, "train_loss": 0.06514181423492789, "val_dice": 0.7649516276759468, "lr": 0.00016909830056250526}
{"epoch": 77, "train_loss": 0.062426681157717864, "val_dice": 0.7654984602257098, "lr": 0.00014122147477075268}
{"epoch": 78, "train_loss": 0.05993837155913774, "val_dice": 0.7817719957921271, "lr": 0.00011909830056250527}
{"epoch": 79, "train_loss": 0.05707269678060883, "val_dice": 0.7777363139991084, "lr": 0.00010489434837048466}
{"epoch": 80, "train_loss": 0.05498224730685541, "val_dice": 0.7767875185001906, "lr": 0.0003}
{"epoch": 81, "train_loss": 0.07609118373994156, "val_dice": 0.7661139015747699, "lr": 0.00029510565162951536}
{"epoch": 82, "train_loss": 0.07173936093974974, "val_dice": 0.7690667278843013, "lr": 0.00028090169943749475}
{"epoch": 83, "train_loss": 0.06728985064576581, "val_dice": 0.7677435250249552, "lr": 0.0002587785252292473}
{"epoch": 84, "train_loss": 0.06716930118196336, "val_dice": 0.7763771161743923, "lr": 0.00023090169943749473}
{"epoch": 85, "train_loss": 0.06201939987827344, "val_dice": 0.7715652567298243, "lr": 0.00019999999999999998}
{"epoch": 86, "train_loss": 0.06016593571338388, "val_dice": 0.7797252144366161, "lr": 0.00016909830056250526}
{"epoch": 87, "train_loss": 0.05585729388705746, "val_dice": 0.7568260016989653, "lr": 0.00014122147477075268}
{"epoch": 88, "train_loss": 0.05458063503912941, "val_dice": 0.7780240056716605, "lr": 0.00011909830056250527}
{"epoch": 89, "train_loss": 0.05136068332577626, "val_dice": 0.7793806989078391, "lr": 0.00010489434837048466}
{"epoch": 90, "train_loss": 0.05004340492376688, "val_dice": 0.7781445648632006, "lr": 0.0003}
{"epoch": 91, "train_loss": 0.06484905829416313, "val_dice": 0.7668762744427818, "lr": 0.00029510565162951536}
{"epoch": 92, "train_loss": 0.06823169597491775, "val_dice": 0.770282340677161, "lr": 0.00028090169943749475}
{"epoch": 93, "train_loss": 0.06910923102663623, "val_dice": 0.769788720651404, "lr": 0.0002587785252292473}
{"epoch": 94, "train_loss": 0.06008058113877033, "val_dice": 0.7762497655314221, "lr": 0.00023090169943749473}
{"epoch": 95, "train_loss": 0.05489748326329704, "val_dice": 0.7794166975217771, "lr": 0.00019999999999999998}
{"epoch": 96, "train_loss": 0.05276281794347509, "val_dice": 0.774321083857484, "lr": 0.00016909830056250526}
{"epoch": 97, "train_loss": 0.05234447908497075, "val_dice": 0.7780708958409743, "lr": 0.00014122147477075268}
{"epoch": 98, "train_loss": 0.04856147546799083, "val_dice": 0.7821472726370159, "lr": 0.00011909830056250527}
{"epoch": 99, "train_loss": 0.04690001159106282, "val_dice": 0.7801483300785178, "lr": 0.00010489434837048466}
{"epoch": 100, "train_loss": 0.04539984508597837, "val_dice": 0.7805175226122073, "lr": 0.0003}
{"epoch": 101, "train_loss": 0.06862041480916063, "val_dice": 0.7545324056590449, "lr": 0.00029510565162951536}
{"epoch": 102, "train_loss": 0.059427736998073764, "val_dice": 0.7755961997830895, "lr": 0.00028090169943749475}
{"epoch": 103, "train_loss": 0.05505421957831066, "val_dice": 0.7662174957090438, "lr": 0.0002587785252292473}
{"epoch": 104, "train_loss": 0.055754070496666676, "val_dice": 0.7645371039003748, "lr": 0.00023090169943749473}
{"epoch": 105, "train_loss": 0.05098757256496642, "val_dice": 0.7784041287697152, "lr": 0.00019999999999999998}
{"epoch": 106, "train_loss": 0.048882342481352, "val_dice": 0.7773959546667487, "lr": 0.00016909830056250526}
{"epoch": 107, "train_loss": 0.046642521430950566, "val_dice": 0.7801814563487159, "lr": 0.00014122147477075268}
{"epoch": 108, "train_loss": 0.04452093591740758, "val_dice": 0.7802071472122686, "lr": 0.00011909830056250527}
{"epoch": 109, "train_loss": 0.042568729248405664, "val_dice": 0.7849449227549119, "lr": 0.00010489434837048466}
{"epoch": 110, "train_loss": 0.041207668263217666, "val_dice": 0.7801700458101058, "lr": 0.0003}
{"epoch": 111, "train_loss": 0.05691098595488249, "val_dice": 0.7637043491653774, "lr": 0.00029510565162951536}
{"epoch": 112, "train_loss": 0.060604197206775755, "val_dice": 0.7782636824952656, "lr": 0.00028090169943749475}
{"epoch": 113, "train_loss": 0.051470852088938465, "val_dice": 0.7733331554541599, "lr": 0.0002587785252292473}
{"epoch": 114, "train_loss": 0.04783418955855319, "val_dice": 0.7759455949818242, "lr": 0.00023090169943749473}
{"epoch": 115, "train_loss": 0.04628714452468857, "val_dice": 0.7783611106517931, "lr": 0.00019999999999999998}
{"epoch": 116, "train_loss": 0.04415591638364572, "val_dice": 0.777210096711425, "lr": 0.00016909830056250526}
{"epoch": 117, "train_loss": 0.04256635433050109, "val_dice": 0.7778876818017502, "lr": 0.00014122147477075268}
{"epoch": 118, "train_loss": 0.040965992367542635, "val_dice": 0.7808640084018423, "lr": 0.00011909830056250527}
{"epoch": 119, "train_loss": 0.038450079435591436, "val_dice": 0.7752864993000467, "lr": 0.00010489434837048466}
{"epoch": 120, "train_loss": 0.03665298857712288, "val_dice": 0.7788560794201814, "lr": 0.0003}
{"epoch": 121, "train_loss": 0.04872681269099998, "val_dice": 0.7567909256271694, "lr": 0.00029510565162951536}
{"epoch": 122, "train_loss": 0.05338381180264491, "val_dice": 0.766763622755317, "lr": 0.00028090169943749475}
{"epoch": 123, "train_loss": 0.049246989749585364, "val_dice": 0.7663603350008652, "lr": 0.0002587785252292473}
{"epoch": 124, "train_loss": 0.04498926176020677, "val_dice": 0.7725109103001501, "lr": 0.00023090169943749473}
{"epoch": 125, "train_loss": 0.042730366293754846, "val_dice": 0.7775116695487526, "lr": 0.00019999999999999998}
{"epoch": 126, "train_loss": 0.040334764799745355, "val_dice": 0.772658742572132, "lr": 0.00016909830056250526}
{"epoch": 127, "train_loss": 0.03976485717781358, "val_dice": 0.7825755530145676, "lr": 0.00014122147477075268}
{"epoch": 128, "train_loss": 0.03634372325043353, "val_dice": 0.7848376918166399, "lr": 0.00011909830056250527}
{"epoch": 129, "train_loss": 0.0348315194042726, "val_dice": 0.7767627139658895, "lr": 0.00010489434837048466}
{"epoch": 130, "train_loss": 0.03358484872422327, "val_dice": 0.7827164332640253, "lr": 0.0003}
{"epoch": 131, "train_loss": 0.043910736612813445, "val_dice": 0.7754770955006918, "lr": 0.00029510565162951536}
{"epoch": 132, "train_loss": 0.04747138222848051, "val_dice": 0.7763350689165652, "lr": 0.00028090169943749475}
{"epoch": 133, "train_loss": 0.04705012334086095, "val_dice": 0.780532459645304, "lr": 0.0002587785252292473}
{"epoch": 134, "train_loss": 0.040571684428498164, "val_dice": 0.7378634205172336, "lr": 0.00023090169943749473}
{"epoch": 135, "train_loss": 0.04326422012305444, "val_dice": 0.7745199094119416, "lr": 0.00019999999999999998}
{"epoch": 136, "train_loss": 0.03906648140453989, "val_dice": 0.7839735419035504, "lr": 0.00016909830056250526}
{"epoch": 137, "train_loss": 0.035366241874030334, "val_dice": 0.7824640303031803, "lr": 0.00014122147477075268}
{"epoch": 138, "train_loss": 0.033514899033135634, "val_dice": 0.7839233849359595, "lr": 0.00011909830056250527}
{"epoch": 139, "train_loss": 0.031616587619076375, "val_dice": 0.782032192401264, "lr": 0.00010489434837048466}
{"epoch": 140, "train_loss": 0.03061762890956639, "val_dice": 0.7793048726782646, "lr": 0.0003}
{"epoch": 141, "train_loss": 0.03928014195818461, "val_dice": 0.7624367595878291, "lr": 0.00029510565162951536}
{"epoch": 142, "train_loss": 0.04870609545873271, "val_dice": 0.7733964289216755, "lr": 0.00028090169943749475}
{"epoch": 143, "train_loss": 0.04418738280025067, "val_dice": 0.7797794133356561, "lr": 0.0002587785252292473}
{"epoch": 144, "train_loss": 0.0376396566412848, "val_dice": 0.7827170984968713, "lr": 0.00023090169943749473}
{"epoch": 145, "train_loss": 0.03509182675729878, "val_dice": 0.7752124512018274, "lr": 0.00019999999999999998}
{"epoch": 146, "train_loss": 0.03430175801572675, "val_dice": 0.780186162080863, "lr": 0.00016909830056250526}
{"epoch": 147, "train_loss": 0.03231831415068841, "val_dice": 0.77469837191585, "lr": 0.00014122147477075268}
{"epoch": 148, "train_loss": 0.030888568043478372, "val_dice": 0.7780917500331146, "lr": 0.00011909830056250527}
{"epoch": 149, "train_loss": 0.029279993734897765, "val_dice": 0.7851617829341365, "lr": 0.00010489434837048466}
{"epoch": 150, "train_loss": 0.027882495547732405, "val_dice": 0.7786192284636967, "lr": 0.0003}
{"epoch": 151, "train_loss": 0.03821244358670773, "val_dice": 0.7668921874507887, "lr": 0.00029510565162951536}
{"epoch": 152, "train_loss": 0.041668491187331534, "val_dice": 0.7687794979943018, "lr": 0.00028090169943749475}
{"epoch": 153, "train_loss": 0.03824187003135818, "val_dice": 0.7765955742218401, "lr": 0.0002587785252292473}
{"epoch": 154, "train_loss": 0.035231782849475354, "val_dice": 0.7734760276853901, "lr": 0.00023090169943749473}
{"epoch": 155, "train_loss": 0.03329678700585025, "val_dice": 0.7803418206677557, "lr": 0.00019999999999999998}
{"epoch": 156, "train_loss": 0.031423814153999086, "val_dice": 0.7782131059082477, "lr": 0.00016909830056250526}
{"epoch": 157, "train_loss": 0.02938611292731516, "val_dice": 0.7817653237545791, "lr": 0.00014122147477075268}
{"epoch": 158, "train_loss": 0.02781404704090212, "val_dice": 0.7777141372180912, "lr": 0.00011909830056250527}
{"epoch": 159, "train_loss": 0.02635596011076994, "val_dice": 0.7790272082084923, "lr": 0.00010489434837048466}
{"epoch": 160, "train_loss": 0.024922753508899623, "val_dice": 0.779482912655826, "lr": 0.0003}
{"epoch": 161, "train_loss": 0.04235702677097018, "val_dice": 0.7679239788457103, "lr": 0.00029510565162951536}
{"epoch": 162, "train_loss": 0.04093319880866786, "val_dice": 0.7728190417966253, "lr": 0.00028090169943749475}
{"epoch": 163, "train_loss": 0.03483982334236621, "val_dice": 0.7760650518284237, "lr": 0.0002587785252292473}
{"epoch": 164, "train_loss": 0.03138990432849711, "val_dice": 0.775219770672665, "lr": 0.00023090169943749473}
{"epoch": 165, "train_loss": 0.02948938270207742, "val_dice": 0.7758833973304086, "lr": 0.00019999999999999998}
{"epoch": 166, "train_loss": 0.029624218114770156, "val_dice": 0.7784734255116373, "lr": 0.00016909830056250526}
{"epoch": 167, "train_loss": 0.0269367423309664, "val_dice": 0.7811036614586069, "lr": 0.00014122147477075268}
{"epoch": 168, "train_loss": 0.025354982375483084, "val_dice": 0.7767517451768063, "lr": 0.00011909830056250527}
{"epoch": 169, "train_loss": 0.024088060747904604, "val_dice": 0.775247672943556, "lr": 0.00010489434837048466}
{"epoch": 170, "train_loss": 0.022990209163174718, "val_dice": 0.7806147412659101, "lr": 0.0003}
{"epoch": 171, "train_loss": 0.03186019681786685, "val_dice": 0.7612519267290081, "lr": 0.00029510565162951536}
{"epoch": 172, "train_loss": 0.03566009802733124, "val_dice": 0.7789806471945765, "lr": 0.00028090169943749475}
{"epoch": 173, "train_loss": 0.034794520850230395, "val_dice": 0.7828521676685499, "lr": 0.0002587785252292473}
{"epoch": 174, "train_loss": 0.030871769254931163, "val_dice": 0.7751132675384765, "lr": 0.00023090169943749473}
{"epoch": 175, "train_loss": 0.028130716361723658, "val_dice": 0.7779648651452031, "lr": 0.00019999999999999998}
{"epoch": 176, "train_loss": 0.026901906312076333, "val_dice": 0.7770594340371867, "lr": 0.00016909830056250526}
{"epoch": 177, "train_loss": 0.0256982853801234, "val_dice": 0.7808847296428899, "lr": 0.00014122147477075268}
{"epoch": 178, "train_loss": 0.023214168355398808, "val_dice": 0.7788438298473096, "lr": 0.00011909830056250527}
{"epoch": 179, "train_loss": 0.022125818020088613, "val_dice": 0.7772693515028506, "lr": 0.00010489434837048466}
{"epoch": 180, "train_loss": 0.021016848508014496, "val_dice": 0.7792103342047, "lr": 0.0003}
{"epoch": 181, "train_loss": 0.0368531086882127, "val_dice": 0.7690684538274936, "lr": 0.00029510565162951536}
{"epoch": 182, "train_loss": 0.03270752418851362, "val_dice": 0.7781977885375034, "lr": 0.00028090169943749475}
{"epoch": 183, "train_loss": 0.028164283049886007, "val_dice": 0.7808152135095007, "lr": 0.0002587785252292473}
{"epoch": 184, "train_loss": 0.026451741564322267, "val_dice": 0.7778531374320286, "lr": 0.00023090169943749473}
{"epoch": 185, "train_loss": 0.025593665031007334, "val_dice": 0.7767525553976098, "lr": 0.00019999999999999998}
{"epoch": 186, "train_loss": 0.025422285243481845, "val_dice": 0.7761475692420039, "lr": 0.00016909830056250526}
{"epoch": 187, "train_loss": 0.023671252092662323, "val_dice": 0.7794689835822828, "lr": 0.00014122147477075268}
{"epoch": 188, "train_loss": 0.021481170811352212, "val_dice": 0.777683192723403, "lr": 0.00011909830056250527}
{"epoch": 189, "train_loss": 0.020165060703006048, "val_dice": 0.7768976120981527, "lr": 0.00010489434837048466}
{"epoch": 190, "train_loss": 0.01939283023645, "val_dice": 0.7806100989915686, "lr": 0.0003}
{"epoch": 191, "train_loss": 0.027435300538619343, "val_dice": 0.7713659216460156, "lr": 0.00029510565162951536}
{"epoch": 192, "train_loss": 0.034649809476794656, "val_dice": 0.7705560087202888, "lr": 0.00028090169943749475}
{"epoch": 193, "train_loss": 0.02848368333087208, "val_dice": 0.7738923564109976, "lr": 0.0002587785252292473}
{"epoch": 194, "train_loss": 0.025499106272265638, "val_dice": 0.7530974890670187, "lr": 0.00023090169943749473}
{"epoch": 195, "train_loss": 0.027181938507691246, "val_dice": 0.7772142000547536, "lr": 0.00019999999999999998}
{"epoch": 196, "train_loss": 0.023092132345690602, "val_dice": 0.7761220968492517, "lr": 0.00016909830056250526}
{"epoch": 197, "train_loss": 0.02211802412985751, "val_dice": 0.7728359299270731, "lr": 0.00014122147477075268}
{"epoch": 198, "train_loss": 0.020696078229284903, "val_dice": 0.7778728691609555, "lr": 0.00011909830056250527}
{"epoch": 199, "train_loss": 0.018624369694454388, "val_dice": 0.7795348616500195, "lr": 0.00010489434837048466}
{"epoch": 200, "train_loss": 0.01797210173721217, "val_dice": 0.7802517630279201, "lr": 0.0003}
COMPLETE lvit mosmed 1001
START lvit mosmed 1002 GPU 3
[W Context.cpp:70] Warning: torch.use_deterministic_algorithms is in beta, and its design and functionality may change in the future. (function operator())
{"epoch": 1, "train_loss": 0.5103377138284747, "val_dice": 0.41876075248018996, "lr": 0.00029510565162951536}
{"epoch": 2, "train_loss": 0.3637191742095341, "val_dice": 0.5076509148301844, "lr": 0.00028090169943749475}
{"epoch": 3, "train_loss": 0.3059442530621914, "val_dice": 0.5645366536874994, "lr": 0.0002587785252292473}
{"epoch": 4, "train_loss": 0.2674006046759304, "val_dice": 0.5621112919285453, "lr": 0.00023090169943749473}
{"epoch": 5, "train_loss": 0.2513742248985366, "val_dice": 0.6166940101989998, "lr": 0.00019999999999999998}
{"epoch": 6, "train_loss": 0.2216395784813787, "val_dice": 0.5740178922850759, "lr": 0.00016909830056250526}
{"epoch": 7, "train_loss": 0.20563835963897006, "val_dice": 0.6461601558160041, "lr": 0.00014122147477075268}
{"epoch": 8, "train_loss": 0.19007816177633893, "val_dice": 0.64844213089412, "lr": 0.00011909830056250527}
{"epoch": 9, "train_loss": 0.18123434631651072, "val_dice": 0.6345258080512606, "lr": 0.00010489434837048466}
{"epoch": 10, "train_loss": 0.17013940944806816, "val_dice": 0.6645420545958145, "lr": 0.0003}
{"epoch": 11, "train_loss": 0.20866083745489417, "val_dice": 0.6458714038020957, "lr": 0.00029510565162951536}
{"epoch": 12, "train_loss": 0.2038072588483356, "val_dice": 0.64941865421175, "lr": 0.00028090169943749475}
{"epoch": 13, "train_loss": 0.1887994697754872, "val_dice": 0.6889147794602133, "lr": 0.0002587785252292473}
{"epoch": 14, "train_loss": 0.17343604073935495, "val_dice": 0.6597019772064495, "lr": 0.00023090169943749473}
{"epoch": 15, "train_loss": 0.1653954940469336, "val_dice": 0.660736898603477, "lr": 0.00019999999999999998}
{"epoch": 16, "train_loss": 0.15756699022114753, "val_dice": 0.6864010908681414, "lr": 0.00016909830056250526}
{"epoch": 17, "train_loss": 0.14531993679915645, "val_dice": 0.692627028079799, "lr": 0.00014122147477075268}
{"epoch": 18, "train_loss": 0.14314277162017963, "val_dice": 0.6973174488517185, "lr": 0.00011909830056250527}
{"epoch": 19, "train_loss": 0.13118726573244402, "val_dice": 0.6915621554848954, "lr": 0.00010489434837048466}
{"epoch": 20, "train_loss": 0.12868015844916833, "val_dice": 0.7087345780203762, "lr": 0.0003}
{"epoch": 21, "train_loss": 0.15772362915801155, "val_dice": 0.6588458926576771, "lr": 0.00029510565162951536}
{"epoch": 22, "train_loss": 0.15740064386905672, "val_dice": 0.6635220292913013, "lr": 0.00028090169943749475}
{"epoch": 23, "train_loss": 0.14774090895282035, "val_dice": 0.6528586667857945, "lr": 0.0002587785252292473}
{"epoch": 24, "train_loss": 0.1408170499334289, "val_dice": 0.691323970451918, "lr": 0.00023090169943749473}
{"epoch": 25, "train_loss": 0.13388446250339417, "val_dice": 0.7120374453251913, "lr": 0.00019999999999999998}
{"epoch": 26, "train_loss": 0.1251215400965831, "val_dice": 0.7232872931311991, "lr": 0.00016909830056250526}
{"epoch": 27, "train_loss": 0.12116605514086536, "val_dice": 0.7151723851873891, "lr": 0.00014122147477075268}
{"epoch": 28, "train_loss": 0.11656607294461571, "val_dice": 0.729081590913526, "lr": 0.00011909830056250527}
{"epoch": 29, "train_loss": 0.11223865099003771, "val_dice": 0.7195884832255628, "lr": 0.00010489434837048466}
{"epoch": 30, "train_loss": 0.1081012362680416, "val_dice": 0.7272547454460262, "lr": 0.0003}
{"epoch": 31, "train_loss": 0.13271968278346877, "val_dice": 0.7175250302667748, "lr": 0.00029510565162951536}
{"epoch": 32, "train_loss": 0.1381480900052282, "val_dice": 0.6968430147700233, "lr": 0.00028090169943749475}
{"epoch": 33, "train_loss": 0.1267110552694243, "val_dice": 0.705144689673964, "lr": 0.0002587785252292473}
{"epoch": 34, "train_loss": 0.12610062235648417, "val_dice": 0.7210383871804659, "lr": 0.00023090169943749473}
{"epoch": 35, "train_loss": 0.11473917791711642, "val_dice": 0.7146952744633027, "lr": 0.00019999999999999998}
{"epoch": 36, "train_loss": 0.10808850966931619, "val_dice": 0.7373536303981891, "lr": 0.00016909830056250526}
{"epoch": 37, "train_loss": 0.10824819664467651, "val_dice": 0.7315057597935063, "lr": 0.00014122147477075268}
{"epoch": 38, "train_loss": 0.10185664874274296, "val_dice": 0.7418114616102975, "lr": 0.00011909830056250527}
{"epoch": 39, "train_loss": 0.09873850164851782, "val_dice": 0.7434760648544102, "lr": 0.00010489434837048466}
{"epoch": 40, "train_loss": 0.0949947379171029, "val_dice": 0.7348236245203346, "lr": 0.0003}
{"epoch": 41, "train_loss": 0.12325315183841486, "val_dice": 0.6973983107019617, "lr": 0.00029510565162951536}
{"epoch": 42, "train_loss": 0.11949085211648018, "val_dice": 0.6675654473102883, "lr": 0.00028090169943749475}
{"epoch": 43, "train_loss": 0.1119878565058334, "val_dice": 0.701044953319519, "lr": 0.0002587785252292473}
{"epoch": 44, "train_loss": 0.10787663418897785, "val_dice": 0.7309104789201004, "lr": 0.00023090169943749473}
{"epoch": 45, "train_loss": 0.10651356479812324, "val_dice": 0.7110685732053674, "lr": 0.00019999999999999998}
{"epoch": 46, "train_loss": 0.09994360927240614, "val_dice": 0.7322822213854888, "lr": 0.00016909830056250526}
{"epoch": 47, "train_loss": 0.09598348219958983, "val_dice": 0.7417533069985409, "lr": 0.00014122147477075268}
{"epoch": 48, "train_loss": 0.09062782537623096, "val_dice": 0.7512359227686779, "lr": 0.00011909830056250527}
{"epoch": 49, "train_loss": 0.08832149069760536, "val_dice": 0.7571974492182175, "lr": 0.00010489434837048466}
{"epoch": 50, "train_loss": 0.08619702011048111, "val_dice": 0.7441560998388504, "lr": 0.0003}
{"epoch": 51, "train_loss": 0.1100322029767782, "val_dice": 0.7326849929528051, "lr": 0.00029510565162951536}
{"epoch": 52, "train_loss": 0.10765336861861667, "val_dice": 0.7346829273983052, "lr": 0.00028090169943749475}
{"epoch": 53, "train_loss": 0.09938192501117957, "val_dice": 0.7398222391610833, "lr": 0.0002587785252292473}
{"epoch": 54, "train_loss": 0.09973161788347934, "val_dice": 0.7523541124516275, "lr": 0.00023090169943749473}
{"epoch": 55, "train_loss": 0.09663392068713665, "val_dice": 0.7285014279101478, "lr": 0.00019999999999999998}
{"epoch": 56, "train_loss": 0.09135953203816594, "val_dice": 0.7442919795041226, "lr": 0.00016909830056250526}
{"epoch": 57, "train_loss": 0.08707354912045759, "val_dice": 0.7569384345405434, "lr": 0.00014122147477075268}
{"epoch": 58, "train_loss": 0.08323869576201884, "val_dice": 0.7524645752369403, "lr": 0.00011909830056250527}
{"epoch": 59, "train_loss": 0.08065053903820998, "val_dice": 0.7656594602139646, "lr": 0.00010489434837048466}
{"epoch": 60, "train_loss": 0.07815737325275682, "val_dice": 0.7559547878511983, "lr": 0.0003}
{"epoch": 61, "train_loss": 0.09892643956554988, "val_dice": 0.7262358326865552, "lr": 0.00029510565162951536}
{"epoch": 62, "train_loss": 0.10280262043257964, "val_dice": 0.717722749017878, "lr": 0.00028090169943749475}
{"epoch": 63, "train_loss": 0.09277700350746802, "val_dice": 0.7550687689837111, "lr": 0.0002587785252292473}
{"epoch": 64, "train_loss": 0.08868903631103339, "val_dice": 0.761894206433329, "lr": 0.00023090169943749473}
{"epoch": 65, "train_loss": 0.08643462904275556, "val_dice": 0.7691312158135036, "lr": 0.00019999999999999998}
{"epoch": 66, "train_loss": 0.0819468185655508, "val_dice": 0.7649843624582007, "lr": 0.00016909830056250526}
{"epoch": 67, "train_loss": 0.07981108295873132, "val_dice": 0.7633250453924969, "lr": 0.00014122147477075268}
{"epoch": 68, "train_loss": 0.07559301752174638, "val_dice": 0.7599627561441002, "lr": 0.00011909830056250527}
{"epoch": 69, "train_loss": 0.07262552027534032, "val_dice": 0.7691947242215241, "lr": 0.00010489434837048466}
{"epoch": 70, "train_loss": 0.07162262285971013, "val_dice": 0.7650060552413185, "lr": 0.0003}
{"epoch": 71, "train_loss": 0.08670718536924524, "val_dice": 0.7466871254913321, "lr": 0.00029510565162951536}
{"epoch": 72, "train_loss": 0.09188093405903956, "val_dice": 0.7367564653913816, "lr": 0.00028090169943749475}
{"epoch": 73, "train_loss": 0.08644615565207953, "val_dice": 0.7581930108692335, "lr": 0.0002587785252292473}
{"epoch": 74, "train_loss": 0.08019551669566424, "val_dice": 0.7614792270300318, "lr": 0.00023090169943749473}
{"epoch": 75, "train_loss": 0.0774913489613746, "val_dice": 0.7707908874722859, "lr": 0.00019999999999999998}
{"epoch": 76, "train_loss": 0.0751313471212932, "val_dice": 0.7662303142198436, "lr": 0.00016909830056250526}
{"epoch": 77, "train_loss": 0.07189505170488822, "val_dice": 0.7735964283517623, "lr": 0.00014122147477075268}
{"epoch": 78, "train_loss": 0.06874088277530356, "val_dice": 0.76668853362174, "lr": 0.00011909830056250527}
{"epoch": 79, "train_loss": 0.06672203654523635, "val_dice": 0.7675803312925235, "lr": 0.00010489434837048466}
{"epoch": 80, "train_loss": 0.06431605358995318, "val_dice": 0.770925309756255, "lr": 0.0003}
{"epoch": 81, "train_loss": 0.08382303672890688, "val_dice": 0.7392506268838723, "lr": 0.00029510565162951536}
{"epoch": 82, "train_loss": 0.08466243361126106, "val_dice": 0.7582847583416671, "lr": 0.00028090169943749475}
{"epoch": 83, "train_loss": 0.07675177690584771, "val_dice": 0.7715372411828292, "lr": 0.0002587785252292473}
{"epoch": 84, "train_loss": 0.07382438158592954, "val_dice": 0.7652650166226197, "lr": 0.00023090169943749473}
{"epoch": 85, "train_loss": 0.07318177822025712, "val_dice": 0.7650112611000817, "lr": 0.00019999999999999998}
{"epoch": 86, "train_loss": 0.07036998444039455, "val_dice": 0.7760509110015371, "lr": 0.00016909830056250526}
{"epoch": 87, "train_loss": 0.06548024826861261, "val_dice": 0.7666122964508746, "lr": 0.00014122147477075268}
{"epoch": 88, "train_loss": 0.06506305837199382, "val_dice": 0.7736586921888849, "lr": 0.00011909830056250527}
{"epoch": 89, "train_loss": 0.061733553930690334, "val_dice": 0.7692856699296484, "lr": 0.00010489434837048466}
{"epoch": 90, "train_loss": 0.05927808036790885, "val_dice": 0.7729090713390769, "lr": 0.0003}
{"epoch": 91, "train_loss": 0.07433874043876056, "val_dice": 0.7583200640004614, "lr": 0.00029510565162951536}
{"epoch": 92, "train_loss": 0.07514031926321478, "val_dice": 0.7622802066243759, "lr": 0.00028090169943749475}
{"epoch": 93, "train_loss": 0.07186642049983537, "val_dice": 0.7621147557240602, "lr": 0.0002587785252292473}
{"epoch": 94, "train_loss": 0.07387780802236936, "val_dice": 0.7720506288776136, "lr": 0.00023090169943749473}
{"epoch": 95, "train_loss": 0.06556213622163866, "val_dice": 0.7715361297676165, "lr": 0.00019999999999999998}
{"epoch": 96, "train_loss": 0.06385880755633969, "val_dice": 0.7752599800069491, "lr": 0.00016909830056250526}
{"epoch": 97, "train_loss": 0.06163409132326933, "val_dice": 0.7785812591115179, "lr": 0.00014122147477075268}
{"epoch": 98, "train_loss": 0.0588520573385973, "val_dice": 0.7804474384956557, "lr": 0.00011909830056250527}
{"epoch": 99, "train_loss": 0.057084127153266745, "val_dice": 0.7814437325540887, "lr": 0.00010489434837048466}
{"epoch": 100, "train_loss": 0.05557161105747622, "val_dice": 0.7770599386989389, "lr": 0.0003}
{"epoch": 101, "train_loss": 0.06766515817890052, "val_dice": 0.7612412002798622, "lr": 0.00029510565162951536}
{"epoch": 102, "train_loss": 0.0707769115420244, "val_dice": 0.7621646361506503, "lr": 0.00028090169943749475}
{"epoch": 103, "train_loss": 0.06847452277153356, "val_dice": 0.7608147731362, "lr": 0.0002587785252292473}
{"epoch": 104, "train_loss": 0.06382276124202509, "val_dice": 0.7420724494301755, "lr": 0.00023090169943749473}
{"epoch": 105, "train_loss": 0.061872214582436136, "val_dice": 0.7726034027965445, "lr": 0.00019999999999999998}
{"epoch": 106, "train_loss": 0.05825111073445004, "val_dice": 0.7734644411971422, "lr": 0.00016909830056250526}
{"epoch": 107, "train_loss": 0.055636621712955546, "val_dice": 0.7713744516571818, "lr": 0.00014122147477075268}
{"epoch": 108, "train_loss": 0.05392637385753114, "val_dice": 0.7744662062663509, "lr": 0.00011909830056250527}
{"epoch": 109, "train_loss": 0.05203901045877841, "val_dice": 0.7779086043619182, "lr": 0.00010489434837048466}
{"epoch": 110, "train_loss": 0.05021170593098335, "val_dice": 0.782784630252513, "lr": 0.0003}
{"epoch": 111, "train_loss": 0.06797172184841535, "val_dice": 0.7484579870575353, "lr": 0.00029510565162951536}
{"epoch": 112, "train_loss": 0.06741769163349787, "val_dice": 0.7427837116816663, "lr": 0.00028090169943749475}
{"epoch": 113, "train_loss": 0.06490802794336453, "val_dice": 0.7679202884981234, "lr": 0.0002587785252292473}
{"epoch": 114, "train_loss": 0.05891827827816635, "val_dice": 0.7679322086428069, "lr": 0.00023090169943749473}
{"epoch": 115, "train_loss": 0.05637603802211745, "val_dice": 0.774131809546691, "lr": 0.00019999999999999998}
{"epoch": 116, "train_loss": 0.054483158863816335, "val_dice": 0.7709175750988299, "lr": 0.00016909830056250526}
{"epoch": 117, "train_loss": 0.052201704453903104, "val_dice": 0.7808845316654485, "lr": 0.00014122147477075268}
{"epoch": 118, "train_loss": 0.05018185637357889, "val_dice": 0.7787191303493775, "lr": 0.00011909830056250527}
{"epoch": 119, "train_loss": 0.04855111265983881, "val_dice": 0.7844057518571138, "lr": 0.00010489434837048466}
{"epoch": 120, "train_loss": 0.046530736327589514, "val_dice": 0.7832145350612274, "lr": 0.0003}
{"epoch": 121, "train_loss": 0.061835051027744295, "val_dice": 0.7667406814117453, "lr": 0.00029510565162951536}
{"epoch": 122, "train_loss": 0.06051802256262999, "val_dice": 0.7715649332007227, "lr": 0.00028090169943749475}
{"epoch": 123, "train_loss": 0.05657825756387066, "val_dice": 0.7708899904579538, "lr": 0.0002587785252292473}
{"epoch": 124, "train_loss": 0.056206286960587604, "val_dice": 0.7706918383967686, "lr": 0.00023090169943749473}
{"epoch": 125, "train_loss": 0.05275969599125072, "val_dice": 0.7694247453654658, "lr": 0.00019999999999999998}
{"epoch": 126, "train_loss": 0.050231088172614506, "val_dice": 0.7819952393628367, "lr": 0.00016909830056250526}
{"epoch": 127, "train_loss": 0.047819344475139934, "val_dice": 0.772401674558969, "lr": 0.00014122147477075268}
{"epoch": 128, "train_loss": 0.046203139711455156, "val_dice": 0.7812461172074966, "lr": 0.00011909830056250527}
{"epoch": 129, "train_loss": 0.04414490631803921, "val_dice": 0.7772680131603433, "lr": 0.00010489434837048466}
{"epoch": 130, "train_loss": 0.04311808730280379, "val_dice": 0.7800339890699365, "lr": 0.0003}
{"epoch": 131, "train_loss": 0.05555506117368823, "val_dice": 0.7678505698521568, "lr": 0.00029510565162951536}
{"epoch": 132, "train_loss": 0.059719188676513345, "val_dice": 0.7646895961098594, "lr": 0.00028090169943749475}
{"epoch": 133, "train_loss": 0.05836401856104328, "val_dice": 0.7796276000667218, "lr": 0.0002587785252292473}
{"epoch": 134, "train_loss": 0.050771685877232416, "val_dice": 0.7691685499908995, "lr": 0.00023090169943749473}
{"epoch": 135, "train_loss": 0.05064714028215183, "val_dice": 0.7843244601237146, "lr": 0.00019999999999999998}
{"epoch": 136, "train_loss": 0.04758834860203329, "val_dice": 0.7877042641356008, "lr": 0.00016909830056250526}
{"epoch": 137, "train_loss": 0.0451396636783283, "val_dice": 0.7857584949898229, "lr": 0.00014122147477075268}
{"epoch": 138, "train_loss": 0.04287106618935931, "val_dice": 0.7795753346018715, "lr": 0.00011909830056250527}
{"epoch": 139, "train_loss": 0.04180653811903683, "val_dice": 0.7866646976847398, "lr": 0.00010489434837048466}
{"epoch": 140, "train_loss": 0.04020988387946479, "val_dice": 0.7849762040090233, "lr": 0.0003}
{"epoch": 141, "train_loss": 0.050845718356905524, "val_dice": 0.7804892059730992, "lr": 0.00029510565162951536}
{"epoch": 142, "train_loss": 0.05496758772625683, "val_dice": 0.7738192791728733, "lr": 0.00028090169943749475}
{"epoch": 143, "train_loss": 0.05137968900478002, "val_dice": 0.7764302898599027, "lr": 0.0002587785252292473}
{"epoch": 144, "train_loss": 0.05239041495261733, "val_dice": 0.7829128542672033, "lr": 0.00023090169943749473}
{"epoch": 145, "train_loss": 0.04605839483707691, "val_dice": 0.7829760194711336, "lr": 0.00019999999999999998}
{"epoch": 146, "train_loss": 0.043128945878605524, "val_dice": 0.7792524778256428, "lr": 0.00016909830056250526}
{"epoch": 147, "train_loss": 0.04227228466643262, "val_dice": 0.7850386402154133, "lr": 0.00014122147477075268}
{"epoch": 148, "train_loss": 0.039720217736260825, "val_dice": 0.7863299690817804, "lr": 0.00011909830056250527}
{"epoch": 149, "train_loss": 0.03821524227345266, "val_dice": 0.7844701134162855, "lr": 0.00010489434837048466}
{"epoch": 150, "train_loss": 0.03717238201630672, "val_dice": 0.7844191342933227, "lr": 0.0003}
{"epoch": 151, "train_loss": 0.046401456714781665, "val_dice": 0.7697567152758757, "lr": 0.00029510565162951536}
{"epoch": 152, "train_loss": 0.05106788431800996, "val_dice": 0.7815826164571317, "lr": 0.00028090169943749475}
{"epoch": 153, "train_loss": 0.04777749542484032, "val_dice": 0.7738479427157878, "lr": 0.0002587785252292473}
{"epoch": 154, "train_loss": 0.0444715729459079, "val_dice": 0.7850121108631793, "lr": 0.00023090169943749473}
{"epoch": 155, "train_loss": 0.04433443621313039, "val_dice": 0.7806811229383372, "lr": 0.00019999999999999998}
{"epoch": 156, "train_loss": 0.040578712674576835, "val_dice": 0.7854806079744474, "lr": 0.00016909830056250526}
{"epoch": 157, "train_loss": 0.03895056883368176, "val_dice": 0.7862574606792878, "lr": 0.00014122147477075268}
{"epoch": 158, "train_loss": 0.03687038078727062, "val_dice": 0.7873136549847077, "lr": 0.00011909830056250527}
{"epoch": 159, "train_loss": 0.03544097079456446, "val_dice": 0.7820281255436162, "lr": 0.00010489434837048466}
{"epoch": 160, "train_loss": 0.03410462989660678, "val_dice": 0.7875485192447287, "lr": 0.0003}
{"epoch": 161, "train_loss": 0.043436377450681365, "val_dice": 0.7716126799310645, "lr": 0.00029510565162951536}
{"epoch": 162, "train_loss": 0.04996463569694061, "val_dice": 0.7728473078672619, "lr": 0.00028090169943749475}
{"epoch": 163, "train_loss": 0.0447124510320471, "val_dice": 0.7799248819152059, "lr": 0.0002587785252292473}
{"epoch": 164, "train_loss": 0.04156422451403065, "val_dice": 0.7669646792812805, "lr": 0.00023090169943749473}
{"epoch": 165, "train_loss": 0.03941679139112689, "val_dice": 0.785690849548892, "lr": 0.00019999999999999998}
{"epoch": 166, "train_loss": 0.03749595571123704, "val_dice": 0.7875501180336186, "lr": 0.00016909830056250526}
{"epoch": 167, "train_loss": 0.0355971610533097, "val_dice": 0.7797056315829061, "lr": 0.00014122147477075268}
{"epoch": 168, "train_loss": 0.03424012215108208, "val_dice": 0.7883769792741169, "lr": 0.00011909830056250527}
{"epoch": 169, "train_loss": 0.03288237990975222, "val_dice": 0.7866610195189373, "lr": 0.00010489434837048466}
{"epoch": 170, "train_loss": 0.031929487842300486, "val_dice": 0.7888596591196562, "lr": 0.0003}
{"epoch": 171, "train_loss": 0.040068777895080225, "val_dice": 0.7723414434857445, "lr": 0.00029510565162951536}
{"epoch": 172, "train_loss": 0.04455721321892322, "val_dice": 0.7814313551108406, "lr": 0.00028090169943749475}
{"epoch": 173, "train_loss": 0.04334454384300632, "val_dice": 0.783946978793537, "lr": 0.0002587785252292473}
{"epoch": 174, "train_loss": 0.03822572188844471, "val_dice": 0.7850955653790751, "lr": 0.00023090169943749473}
{"epoch": 175, "train_loss": 0.03632865633489084, "val_dice": 0.7703212298094817, "lr": 0.00019999999999999998}
{"epoch": 176, "train_loss": 0.036106218157159024, "val_dice": 0.7876120064774149, "lr": 0.00016909830056250526}
{"epoch": 177, "train_loss": 0.034203970134322276, "val_dice": 0.7840034000285703, "lr": 0.00014122147477075268}
{"epoch": 178, "train_loss": 0.03171185573844617, "val_dice": 0.7866187530060382, "lr": 0.00011909830056250527}
{"epoch": 179, "train_loss": 0.029948835680346265, "val_dice": 0.7852243467040139, "lr": 0.00010489434837048466}
{"epoch": 180, "train_loss": 0.029099309398234744, "val_dice": 0.7860536970522093, "lr": 0.0003}
{"epoch": 181, "train_loss": 0.04407252071965123, "val_dice": 0.77436014126722, "lr": 0.00029510565162951536}
{"epoch": 182, "train_loss": 0.04557112696391764, "val_dice": 0.7786315289801263, "lr": 0.00028090169943749475}
{"epoch": 183, "train_loss": 0.03930846818446482, "val_dice": 0.7827340074957645, "lr": 0.0002587785252292473}
{"epoch": 184, "train_loss": 0.035030824441637715, "val_dice": 0.7821362476531646, "lr": 0.00023090169943749473}
{"epoch": 185, "train_loss": 0.0335689831590696, "val_dice": 0.7816720392120239, "lr": 0.00019999999999999998}
{"epoch": 186, "train_loss": 0.032321792251653415, "val_dice": 0.782700723621065, "lr": 0.00016909830056250526}
{"epoch": 187, "train_loss": 0.03112984626728109, "val_dice": 0.7810964758765779, "lr": 0.00014122147477075268}
{"epoch": 188, "train_loss": 0.029741397837335874, "val_dice": 0.7831192142767001, "lr": 0.00011909830056250527}
{"epoch": 189, "train_loss": 0.028266527559842918, "val_dice": 0.7871132117250691, "lr": 0.00010489434837048466}
{"epoch": 190, "train_loss": 0.02728390146647556, "val_dice": 0.7859445579128352, "lr": 0.0003}
{"epoch": 191, "train_loss": 0.036679428203601094, "val_dice": 0.7813854038851757, "lr": 0.00029510565162951536}
{"epoch": 192, "train_loss": 0.04088493012305763, "val_dice": 0.7830728258366443, "lr": 0.00028090169943749475}
{"epoch": 193, "train_loss": 0.036205679539885516, "val_dice": 0.7819610082243891, "lr": 0.0002587785252292473}
{"epoch": 194, "train_loss": 0.034226858791044965, "val_dice": 0.7876636162229752, "lr": 0.00023090169943749473}
{"epoch": 195, "train_loss": 0.032524900607986615, "val_dice": 0.7833872835068736, "lr": 0.00019999999999999998}
{"epoch": 196, "train_loss": 0.030462921048458005, "val_dice": 0.7872471053417542, "lr": 0.00016909830056250526}
{"epoch": 197, "train_loss": 0.029262436713456876, "val_dice": 0.7877131914315016, "lr": 0.00014122147477075268}
{"epoch": 198, "train_loss": 0.02714204916084838, "val_dice": 0.7838694347192275, "lr": 0.00011909830056250527}
{"epoch": 199, "train_loss": 0.026162629274177746, "val_dice": 0.7857110038979376, "lr": 0.00010489434837048466}
{"epoch": 200, "train_loss": 0.025122207656456317, "val_dice": 0.7828671992916264, "lr": 0.0003}
{"epoch": 201, "train_loss": 0.03441110066296096, "val_dice": 0.7752565116167615, "lr": 0.00029510565162951536}
{"epoch": 202, "train_loss": 0.040137496733673145, "val_dice": 0.7689753746788617, "lr": 0.00028090169943749475}
{"epoch": 203, "train_loss": 0.03650374029430199, "val_dice": 0.78441241288076, "lr": 0.0002587785252292473}
{"epoch": 204, "train_loss": 0.03584948669423489, "val_dice": 0.7808779888963263, "lr": 0.00023090169943749473}
{"epoch": 205, "train_loss": 0.03081930249419761, "val_dice": 0.7844554208031508, "lr": 0.00019999999999999998}
{"epoch": 206, "train_loss": 0.02850981198775583, "val_dice": 0.7849343677884654, "lr": 0.00016909830056250526}
{"epoch": 207, "train_loss": 0.027256816951504653, "val_dice": 0.7857390484629834, "lr": 0.00014122147477075268}
{"epoch": 208, "train_loss": 0.025516766180997883, "val_dice": 0.7844994751485044, "lr": 0.00011909830056250527}
{"epoch": 209, "train_loss": 0.02417073633005994, "val_dice": 0.784300721516871, "lr": 0.00010489434837048466}
{"epoch": 210, "train_loss": 0.023806154399092512, "val_dice": 0.7879666859279781, "lr": 0.0003}
{"epoch": 211, "train_loss": 0.03181876765269645, "val_dice": 0.7787663629726087, "lr": 0.00029510565162951536}
{"epoch": 212, "train_loss": 0.03578810965512182, "val_dice": 0.7747663836627857, "lr": 0.00028090169943749475}
{"epoch": 213, "train_loss": 0.03489026812373, "val_dice": 0.7825433660972037, "lr": 0.0002587785252292473}
{"epoch": 214, "train_loss": 0.03063216223994874, "val_dice": 0.7869884468598005, "lr": 0.00023090169943749473}
{"epoch": 215, "train_loss": 0.0285482786266178, "val_dice": 0.7853795946735539, "lr": 0.00019999999999999998}
{"epoch": 216, "train_loss": 0.027093175169271722, "val_dice": 0.7831644393009234, "lr": 0.00016909830056250526}
{"epoch": 217, "train_loss": 0.025290882936665492, "val_dice": 0.7875373499207966, "lr": 0.00014122147477075268}
{"epoch": 218, "train_loss": 0.02386337340781101, "val_dice": 0.7895506396037217, "lr": 0.00011909830056250527}
{"epoch": 219, "train_loss": 0.02278057733591473, "val_dice": 0.7873088650627049, "lr": 0.00010489434837048466}
{"epoch": 220, "train_loss": 0.021966114404696566, "val_dice": 0.787530635225691, "lr": 0.0003}
{"epoch": 221, "train_loss": 0.029038188082711688, "val_dice": 0.7862243334543241, "lr": 0.00029510565162951536}
{"epoch": 222, "train_loss": 0.033425892994740185, "val_dice": 0.7850443321180016, "lr": 0.00028090169943749475}
{"epoch": 223, "train_loss": 0.03262652072496499, "val_dice": 0.78119837866299, "lr": 0.0002587785252292473}
{"epoch": 224, "train_loss": 0.029324300453393, "val_dice": 0.7860580857340204, "lr": 0.00023090169943749473}
{"epoch": 225, "train_loss": 0.02873474042923995, "val_dice": 0.7793063173066288, "lr": 0.00019999999999999998}
{"epoch": 226, "train_loss": 0.026307287283656736, "val_dice": 0.77878915636163, "lr": 0.00016909830056250526}
{"epoch": 227, "train_loss": 0.024748981808032734, "val_dice": 0.7860037243202568, "lr": 0.00014122147477075268}
{"epoch": 228, "train_loss": 0.022192334776524485, "val_dice": 0.7842298260116332, "lr": 0.00011909830056250527}
{"epoch": 229, "train_loss": 0.02101621229853908, "val_dice": 0.7867795295450726, "lr": 0.00010489434837048466}
{"epoch": 230, "train_loss": 0.020355917520704814, "val_dice": 0.7809550132713274, "lr": 0.0003}
{"epoch": 231, "train_loss": 0.027500868765615943, "val_dice": 0.7812233089173141, "lr": 0.00029510565162951536}
{"epoch": 232, "train_loss": 0.030225141916751762, "val_dice": 0.7815860989301101, "lr": 0.00028090169943749475}
{"epoch": 233, "train_loss": 0.03642345770416335, "val_dice": 0.7815548125611835, "lr": 0.0002587785252292473}
{"epoch": 234, "train_loss": 0.028020392953741438, "val_dice": 0.7855447599284981, "lr": 0.00023090169943749473}
{"epoch": 235, "train_loss": 0.02483989817278624, "val_dice": 0.7838954396324245, "lr": 0.00019999999999999998}
{"epoch": 236, "train_loss": 0.023738778898317634, "val_dice": 0.7851535101640689, "lr": 0.00016909830056250526}
{"epoch": 237, "train_loss": 0.02157494655113805, "val_dice": 0.7859316325364997, "lr": 0.00014122147477075268}
{"epoch": 238, "train_loss": 0.02056124566206667, "val_dice": 0.784086653515185, "lr": 0.00011909830056250527}
{"epoch": 239, "train_loss": 0.019898411316382682, "val_dice": 0.7869568745045149, "lr": 0.00010489434837048466}
{"epoch": 240, "train_loss": 0.019232462591462704, "val_dice": 0.7851008941638934, "lr": 0.0003}
{"epoch": 241, "train_loss": 0.029077152238936987, "val_dice": 0.7838089193219587, "lr": 0.00029510565162951536}
{"epoch": 242, "train_loss": 0.029176281895787207, "val_dice": 0.7809217932295199, "lr": 0.00028090169943749475}
{"epoch": 243, "train_loss": 0.028116466402770143, "val_dice": 0.7873889674311099, "lr": 0.0002587785252292473}
{"epoch": 244, "train_loss": 0.026053492240538396, "val_dice": 0.7829874052881376, "lr": 0.00023090169943749473}
{"epoch": 245, "train_loss": 0.023839433250938385, "val_dice": 0.7828687363787974, "lr": 0.00019999999999999998}
{"epoch": 246, "train_loss": 0.022285360424354767, "val_dice": 0.7869315562722885, "lr": 0.00016909830056250526}
{"epoch": 247, "train_loss": 0.020947323379077884, "val_dice": 0.7835981960257077, "lr": 0.00014122147477075268}
{"epoch": 248, "train_loss": 0.019918822577855065, "val_dice": 0.7835729848124615, "lr": 0.00011909830056250527}
{"epoch": 249, "train_loss": 0.018383526290292298, "val_dice": 0.7846119787450241, "lr": 0.00010489434837048466}
{"epoch": 250, "train_loss": 0.01765791515176877, "val_dice": 0.7872182366777066, "lr": 0.0003}
{"epoch": 251, "train_loss": 0.030698021716077654, "val_dice": 0.7804529659057918, "lr": 0.00029510565162951536}
{"epoch": 252, "train_loss": 0.030541290027139557, "val_dice": 0.7868230417882278, "lr": 0.00028090169943749475}
{"epoch": 253, "train_loss": 0.02513915976298224, "val_dice": 0.7839578386029608, "lr": 0.0002587785252292473}
{"epoch": 254, "train_loss": 0.023043376172853812, "val_dice": 0.7807980335618048, "lr": 0.00023090169943749473}
{"epoch": 255, "train_loss": 0.022044542085631995, "val_dice": 0.788516935003704, "lr": 0.00019999999999999998}
{"epoch": 256, "train_loss": 0.02062282753226327, "val_dice": 0.7832675651909284, "lr": 0.00016909830056250526}
{"epoch": 257, "train_loss": 0.019374077118507513, "val_dice": 0.7839020487918461, "lr": 0.00014122147477075268}
{"epoch": 258, "train_loss": 0.018160920946167464, "val_dice": 0.786925968302742, "lr": 0.00011909830056250527}
{"epoch": 259, "train_loss": 0.01728232019793218, "val_dice": 0.784456792613598, "lr": 0.00010489434837048466}
{"epoch": 260, "train_loss": 0.016505904396978098, "val_dice": 0.7875343632097921, "lr": 0.0003}
{"epoch": 261, "train_loss": 0.025160747289858686, "val_dice": 0.7781126898472588, "lr": 0.00029510565162951536}
{"epoch": 262, "train_loss": 0.02780529796260538, "val_dice": 0.7851902488576465, "lr": 0.00028090169943749475}
{"epoch": 263, "train_loss": 0.02861650059914978, "val_dice": 0.7842300800559723, "lr": 0.0002587785252292473}
{"epoch": 264, "train_loss": 0.023922898561132586, "val_dice": 0.7837188427999309, "lr": 0.00023090169943749473}
{"epoch": 265, "train_loss": 0.02331331475981365, "val_dice": 0.7889708801592514, "lr": 0.00019999999999999998}
{"epoch": 266, "train_loss": 0.019854549454303216, "val_dice": 0.788640821007351, "lr": 0.00016909830056250526}
{"epoch": 267, "train_loss": 0.01839478366321445, "val_dice": 0.7879513648063694, "lr": 0.00014122147477075268}
{"epoch": 268, "train_loss": 0.017105084774299416, "val_dice": 0.7881661867658933, "lr": 0.00011909830056250527}
{"epoch": 269, "train_loss": 0.016371913541040426, "val_dice": 0.7863521084905489, "lr": 0.00010489434837048466}
COMPLETE lvit mosmed 1002
START lvit mosmed 1003 GPU 3
[W Context.cpp:70] Warning: torch.use_deterministic_algorithms is in beta, and its design and functionality may change in the future. (function operator())
{"epoch": 1, "train_loss": 0.5046133473088787, "val_dice": 0.36813824344470253, "lr": 0.00029510565162951536}
{"epoch": 2, "train_loss": 0.36803787033514196, "val_dice": 0.4566585486661549, "lr": 0.00028090169943749475}
{"epoch": 3, "train_loss": 0.3142032719901064, "val_dice": 0.4639250260412844, "lr": 0.0002587785252292473}
{"epoch": 4, "train_loss": 0.2820454300951985, "val_dice": 0.5523043789574212, "lr": 0.00023090169943749473}
{"epoch": 5, "train_loss": 0.2516109261060089, "val_dice": 0.5867475040887804, "lr": 0.00019999999999999998}
{"epoch": 6, "train_loss": 0.2360227951632742, "val_dice": 0.5910029861121279, "lr": 0.00016909830056250526}
{"epoch": 7, "train_loss": 0.2115352323272384, "val_dice": 0.6068461166873615, "lr": 0.00014122147477075268}
{"epoch": 8, "train_loss": 0.1951222442440424, "val_dice": 0.6353151532784964, "lr": 0.00011909830056250527}
{"epoch": 9, "train_loss": 0.18504028047892646, "val_dice": 0.6158702233188212, "lr": 0.00010489434837048466}
{"epoch": 10, "train_loss": 0.17124787381373321, "val_dice": 0.6612114785546797, "lr": 0.0003}
{"epoch": 11, "train_loss": 0.20998026818924617, "val_dice": 0.642375848618037, "lr": 0.00029510565162951536}
{"epoch": 12, "train_loss": 0.20001102227798714, "val_dice": 0.6492281277116294, "lr": 0.00028090169943749475}
{"epoch": 13, "train_loss": 0.18878044940334962, "val_dice": 0.6402423873935875, "lr": 0.0002587785252292473}
{"epoch": 14, "train_loss": 0.18122736101315057, "val_dice": 0.6484630561052253, "lr": 0.00023090169943749473}
{"epoch": 15, "train_loss": 0.16959487211134153, "val_dice": 0.6845914018713364, "lr": 0.00019999999999999998}
{"epoch": 16, "train_loss": 0.15676005342111146, "val_dice": 0.6666979634584497, "lr": 0.00016909830056250526}
{"epoch": 17, "train_loss": 0.1506665321909753, "val_dice": 0.6816650568688761, "lr": 0.00014122147477075268}
{"epoch": 18, "train_loss": 0.1424720047974163, "val_dice": 0.700467259100973, "lr": 0.00011909830056250527}
{"epoch": 19, "train_loss": 0.13419861082768522, "val_dice": 0.6974768621902444, "lr": 0.00010489434837048466}
{"epoch": 20, "train_loss": 0.13040369254497455, "val_dice": 0.6706423023609057, "lr": 0.0003}
{"epoch": 21, "train_loss": 0.1679504459205362, "val_dice": 0.6764591732477978, "lr": 0.00029510565162951536}
{"epoch": 22, "train_loss": 0.15702125261124877, "val_dice": 0.6810159380771476, "lr": 0.00028090169943749475}
{"epoch": 23, "train_loss": 0.14666949683226396, "val_dice": 0.7021908899193771, "lr": 0.0002587785252292473}
{"epoch": 24, "train_loss": 0.14360618427447028, "val_dice": 0.6961265608318815, "lr": 0.00023090169943749473}
{"epoch": 25, "train_loss": 0.13586875028643686, "val_dice": 0.6583868799554248, "lr": 0.00019999999999999998}
{"epoch": 26, "train_loss": 0.13138797730292787, "val_dice": 0.7162031693303067, "lr": 0.00016909830056250526}
{"epoch": 27, "train_loss": 0.12213458875268868, "val_dice": 0.7113267145454202, "lr": 0.00014122147477075268}
{"epoch": 28, "train_loss": 0.11630523171945809, "val_dice": 0.7173919021049212, "lr": 0.00011909830056250527}
{"epoch": 29, "train_loss": 0.1129783932140944, "val_dice": 0.7354904194309182, "lr": 0.00010489434837048466}
{"epoch": 30, "train_loss": 0.1079796284164077, "val_dice": 0.7160354875863553, "lr": 0.0003}
{"epoch": 31, "train_loss": 0.1394483358529903, "val_dice": 0.6945646034225447, "lr": 0.00029510565162951536}
{"epoch": 32, "train_loss": 0.13329445834848752, "val_dice": 0.7233507060349942, "lr": 0.00028090169943749475}
{"epoch": 33, "train_loss": 0.12793275169848986, "val_dice": 0.7256748534449178, "lr": 0.0002587785252292473}
{"epoch": 34, "train_loss": 0.1206373335945101, "val_dice": 0.6862596331390145, "lr": 0.00023090169943749473}
{"epoch": 35, "train_loss": 0.11860092631397173, "val_dice": 0.741046316836464, "lr": 0.00019999999999999998}
{"epoch": 36, "train_loss": 0.11357256903271495, "val_dice": 0.7010755552920924, "lr": 0.00016909830056250526}
{"epoch": 37, "train_loss": 0.10823468579339954, "val_dice": 0.7239115403227729, "lr": 0.00014122147477075268}
{"epoch": 38, "train_loss": 0.10241556275563415, "val_dice": 0.7492042475079508, "lr": 0.00011909830056250527}
{"epoch": 39, "train_loss": 0.10012474598924183, "val_dice": 0.725108295883685, "lr": 0.00010489434837048466}
{"epoch": 40, "train_loss": 0.09584635289178954, "val_dice": 0.7504410420457067, "lr": 0.0003}
{"epoch": 41, "train_loss": 0.12663955906702618, "val_dice": 0.6908742107740802, "lr": 0.00029510565162951536}
{"epoch": 42, "train_loss": 0.12327519984316307, "val_dice": 0.7295073488347863, "lr": 0.00028090169943749475}
{"epoch": 43, "train_loss": 0.11146917848294134, "val_dice": 0.7339434945610622, "lr": 0.0002587785252292473}
{"epoch": 44, "train_loss": 0.10712371675248544, "val_dice": 0.7442203148415214, "lr": 0.00023090169943749473}
{"epoch": 45, "train_loss": 0.10374899683061471, "val_dice": 0.7408955962625193, "lr": 0.00019999999999999998}
{"epoch": 46, "train_loss": 0.10036548862888778, "val_dice": 0.714609529320108, "lr": 0.00016909830056250526}
{"epoch": 47, "train_loss": 0.09607752181273828, "val_dice": 0.731095228096986, "lr": 0.00014122147477075268}
{"epoch": 48, "train_loss": 0.09235357391175399, "val_dice": 0.7479313980932912, "lr": 0.00011909830056250527}
{"epoch": 49, "train_loss": 0.08872202168702055, "val_dice": 0.7583421133202873, "lr": 0.00010489434837048466}
{"epoch": 50, "train_loss": 0.08569733623547515, "val_dice": 0.7498058133755601, "lr": 0.0003}
{"epoch": 51, "train_loss": 0.1082906998600064, "val_dice": 0.7275396848706959, "lr": 0.00029510565162951536}
{"epoch": 52, "train_loss": 0.10993374128829163, "val_dice": 0.7047543567978272, "lr": 0.00028090169943749475}
{"epoch": 53, "train_loss": 0.10407243640015898, "val_dice": 0.7287468081276258, "lr": 0.0002587785252292473}
{"epoch": 54, "train_loss": 0.10365686226819662, "val_dice": 0.7386779899728108, "lr": 0.00023090169943749473}
{"epoch": 55, "train_loss": 0.0941606682894873, "val_dice": 0.7528586232825875, "lr": 0.00019999999999999998}
{"epoch": 56, "train_loss": 0.08980212787983412, "val_dice": 0.7413508094489165, "lr": 0.00016909830056250526}
{"epoch": 57, "train_loss": 0.08532695793989462, "val_dice": 0.7576832865413866, "lr": 0.00014122147477075268}
{"epoch": 58, "train_loss": 0.08336398497283595, "val_dice": 0.7554190345705237, "lr": 0.00011909830056250527}
{"epoch": 59, "train_loss": 0.08252662775306221, "val_dice": 0.75050706817029, "lr": 0.00010489434837048466}
{"epoch": 60, "train_loss": 0.07848716532130899, "val_dice": 0.7618391857540034, "lr": 0.0003}
{"epoch": 61, "train_loss": 0.09827614605495064, "val_dice": 0.7324537303580027, "lr": 0.00029510565162951536}
{"epoch": 62, "train_loss": 0.09748826633801712, "val_dice": 0.7312336964724538, "lr": 0.00028090169943749475}
{"epoch": 63, "train_loss": 0.0928617541433951, "val_dice": 0.7486945207931902, "lr": 0.0002587785252292473}
{"epoch": 64, "train_loss": 0.09116928144342096, "val_dice": 0.751758415038853, "lr": 0.00023090169943749473}
{"epoch": 65, "train_loss": 0.08620055031803739, "val_dice": 0.7514831498776748, "lr": 0.00019999999999999998}
{"epoch": 66, "train_loss": 0.082739040983109, "val_dice": 0.7528634151141212, "lr": 0.00016909830056250526}
{"epoch": 67, "train_loss": 0.07855420780900486, "val_dice": 0.755081813381793, "lr": 0.00014122147477075268}
{"epoch": 68, "train_loss": 0.07545551186574694, "val_dice": 0.7653590830840017, "lr": 0.00011909830056250527}
{"epoch": 69, "train_loss": 0.07337065857172627, "val_dice": 0.7578063892281574, "lr": 0.00010489434837048466}
{"epoch": 70, "train_loss": 0.07065774167526219, "val_dice": 0.7673314732054005, "lr": 0.0003}
{"epoch": 71, "train_loss": 0.0883585688191864, "val_dice": 0.7348527249537016, "lr": 0.00029510565162951536}
{"epoch": 72, "train_loss": 0.09287376868467083, "val_dice": 0.7394079212738666, "lr": 0.00028090169943749475}
{"epoch": 73, "train_loss": 0.08395982359163677, "val_dice": 0.7490137368099641, "lr": 0.0002587785252292473}
{"epoch": 74, "train_loss": 0.0831744268766998, "val_dice": 0.7531149280971466, "lr": 0.00023090169943749473}
{"epoch": 75, "train_loss": 0.07733232436225859, "val_dice": 0.7578060096406828, "lr": 0.00019999999999999998}
{"epoch": 76, "train_loss": 0.07454893171983555, "val_dice": 0.7594814675623547, "lr": 0.00016909830056250526}
{"epoch": 77, "train_loss": 0.07166132045416898, "val_dice": 0.755371309799788, "lr": 0.00014122147477075268}
{"epoch": 78, "train_loss": 0.06762034179299285, "val_dice": 0.7590027844332994, "lr": 0.00011909830056250527}
{"epoch": 79, "train_loss": 0.06661024252923561, "val_dice": 0.7598254544238476, "lr": 0.00010489434837048466}
{"epoch": 80, "train_loss": 0.06575133366870853, "val_dice": 0.7668741331766071, "lr": 0.0003}
{"epoch": 81, "train_loss": 0.08410708308177238, "val_dice": 0.7414377213069995, "lr": 0.00029510565162951536}
{"epoch": 82, "train_loss": 0.08168284151647645, "val_dice": 0.7322312086070429, "lr": 0.00028090169943749475}
{"epoch": 83, "train_loss": 0.07700872943573392, "val_dice": 0.752611738491113, "lr": 0.0002587785252292473}
{"epoch": 84, "train_loss": 0.0735502697757839, "val_dice": 0.7533662144597663, "lr": 0.00023090169943749473}
{"epoch": 85, "train_loss": 0.07239516952714081, "val_dice": 0.7596571100385565, "lr": 0.00019999999999999998}
{"epoch": 86, "train_loss": 0.06875481310578965, "val_dice": 0.7573488433110086, "lr": 0.00016909830056250526}
{"epoch": 87, "train_loss": 0.06509218396744845, "val_dice": 0.77610134723803, "lr": 0.00014122147477075268}
{"epoch": 88, "train_loss": 0.06342814080971895, "val_dice": 0.7749045963145502, "lr": 0.00011909830056250527}
{"epoch": 89, "train_loss": 0.06111768149436886, "val_dice": 0.759809936893341, "lr": 0.00010489434837048466}
{"epoch": 90, "train_loss": 0.05883288370468841, "val_dice": 0.7668203264133882, "lr": 0.0003}
{"epoch": 91, "train_loss": 0.07769738482727423, "val_dice": 0.7548450945921293, "lr": 0.00029510565162951536}
{"epoch": 92, "train_loss": 0.07315737955946419, "val_dice": 0.7547421805918626, "lr": 0.00028090169943749475}
{"epoch": 93, "train_loss": 0.07200744457517293, "val_dice": 0.761046787318976, "lr": 0.0002587785252292473}
{"epoch": 94, "train_loss": 0.06653787061904919, "val_dice": 0.7715706763878567, "lr": 0.00023090169943749473}
{"epoch": 95, "train_loss": 0.06575279722559903, "val_dice": 0.7565276583899623, "lr": 0.00019999999999999998}
{"epoch": 96, "train_loss": 0.06413978284901224, "val_dice": 0.7642404555046859, "lr": 0.00016909830056250526}
{"epoch": 97, "train_loss": 0.06034169488192834, "val_dice": 0.7687147819954961, "lr": 0.00014122147477075268}
{"epoch": 98, "train_loss": 0.057983867273605154, "val_dice": 0.7685023724896412, "lr": 0.00011909830056250527}
{"epoch": 99, "train_loss": 0.055464798527772946, "val_dice": 0.7691077138180046, "lr": 0.00010489434837048466}
{"epoch": 100, "train_loss": 0.05395705508919516, "val_dice": 0.7787349483241206, "lr": 0.0003}
{"epoch": 101, "train_loss": 0.0757527505917067, "val_dice": 0.7684441162465093, "lr": 0.00029510565162951536}
{"epoch": 102, "train_loss": 0.06657138470035444, "val_dice": 0.7666966754184434, "lr": 0.00028090169943749475}
{"epoch": 103, "train_loss": 0.06586860192625998, "val_dice": 0.7566600339636377, "lr": 0.0002587785252292473}
{"epoch": 104, "train_loss": 0.06354884462556956, "val_dice": 0.7626981503357876, "lr": 0.00023090169943749473}
{"epoch": 105, "train_loss": 0.06193739418495118, "val_dice": 0.7707672681258799, "lr": 0.00019999999999999998}
{"epoch": 106, "train_loss": 0.057990075909412055, "val_dice": 0.772158155861381, "lr": 0.00016909830056250526}
{"epoch": 107, "train_loss": 0.05628201457643017, "val_dice": 0.7673667332400447, "lr": 0.00014122147477075268}
{"epoch": 108, "train_loss": 0.053510740378024516, "val_dice": 0.7741828829527447, "lr": 0.00011909830056250527}
{"epoch": 109, "train_loss": 0.05149011549039532, "val_dice": 0.777511123252406, "lr": 0.00010489434837048466}
{"epoch": 110, "train_loss": 0.050152862299434234, "val_dice": 0.7724952002139058, "lr": 0.0003}
{"epoch": 111, "train_loss": 0.06498514699780586, "val_dice": 0.7528187874491482, "lr": 0.00029510565162951536}
{"epoch": 112, "train_loss": 0.06424310620989382, "val_dice": 0.7582703366773352, "lr": 0.00028090169943749475}
{"epoch": 113, "train_loss": 0.062224497124638074, "val_dice": 0.7592558960347209, "lr": 0.0002587785252292473}
{"epoch": 114, "train_loss": 0.058645155662745405, "val_dice": 0.7652650530742017, "lr": 0.00023090169943749473}
{"epoch": 115, "train_loss": 0.05667185380453199, "val_dice": 0.76885342747996, "lr": 0.00019999999999999998}
{"epoch": 116, "train_loss": 0.05467706606462001, "val_dice": 0.7737584555994728, "lr": 0.00016909830056250526}
{"epoch": 117, "train_loss": 0.051478004283597105, "val_dice": 0.7756346697392671, "lr": 0.00014122147477075268}
{"epoch": 118, "train_loss": 0.049306541064141785, "val_dice": 0.7752399276814145, "lr": 0.00011909830056250527}
{"epoch": 119, "train_loss": 0.0477077785467586, "val_dice": 0.7769389734933796, "lr": 0.00010489434837048466}
{"epoch": 120, "train_loss": 0.04591039307511498, "val_dice": 0.7765238193680002, "lr": 0.0003}
{"epoch": 121, "train_loss": 0.06158020452757335, "val_dice": 0.7634287398794423, "lr": 0.00029510565162951536}
{"epoch": 122, "train_loss": 0.05997074423581874, "val_dice": 0.7377264453289983, "lr": 0.00028090169943749475}
{"epoch": 123, "train_loss": 0.05724325080541947, "val_dice": 0.7686228528448319, "lr": 0.0002587785252292473}
{"epoch": 124, "train_loss": 0.054517253569806294, "val_dice": 0.7617254768342666, "lr": 0.00023090169943749473}
{"epoch": 125, "train_loss": 0.05394812729230997, "val_dice": 0.7709836479728227, "lr": 0.00019999999999999998}
{"epoch": 126, "train_loss": 0.04991781126648051, "val_dice": 0.7686348577931489, "lr": 0.00016909830056250526}
{"epoch": 127, "train_loss": 0.047995689571467055, "val_dice": 0.7695142212121383, "lr": 0.00014122147477075268}
{"epoch": 128, "train_loss": 0.04561379710415043, "val_dice": 0.7724892947166409, "lr": 0.00011909830056250527}
{"epoch": 129, "train_loss": 0.04384586615178559, "val_dice": 0.7766420208343925, "lr": 0.00010489434837048466}
{"epoch": 130, "train_loss": 0.04242954725231058, "val_dice": 0.7765030894999646, "lr": 0.0003}
{"epoch": 131, "train_loss": 0.05264164170811437, "val_dice": 0.7562629715528859, "lr": 0.00029510565162951536}
{"epoch": 132, "train_loss": 0.056462994752129604, "val_dice": 0.7518479463983182, "lr": 0.00028090169943749475}
{"epoch": 133, "train_loss": 0.05620539395558943, "val_dice": 0.7647555076284867, "lr": 0.0002587785252292473}
{"epoch": 134, "train_loss": 0.05209387573312204, "val_dice": 0.7713147126291655, "lr": 0.00023090169943749473}
{"epoch": 135, "train_loss": 0.048688286628450386, "val_dice": 0.7756173684340593, "lr": 0.00019999999999999998}
{"epoch": 136, "train_loss": 0.04583107824794701, "val_dice": 0.7740380256617915, "lr": 0.00016909830056250526}
{"epoch": 137, "train_loss": 0.04464130851313182, "val_dice": 0.7723971711689056, "lr": 0.00014122147477075268}
{"epoch": 138, "train_loss": 0.04257089749110899, "val_dice": 0.7791814276228235, "lr": 0.00011909830056250527}
{"epoch": 139, "train_loss": 0.0409772159811216, "val_dice": 0.7755536289727933, "lr": 0.00010489434837048466}
{"epoch": 140, "train_loss": 0.039571443214193244, "val_dice": 0.7799037817686592, "lr": 0.0003}
{"epoch": 141, "train_loss": 0.04829866573735133, "val_dice": 0.7600931822571656, "lr": 0.00029510565162951536}
{"epoch": 142, "train_loss": 0.055019154326450444, "val_dice": 0.7669695944480547, "lr": 0.00028090169943749475}
{"epoch": 143, "train_loss": 0.05491638739933639, "val_dice": 0.7628371673774664, "lr": 0.0002587785252292473}
{"epoch": 144, "train_loss": 0.046850148219303715, "val_dice": 0.7604706273744526, "lr": 0.00023090169943749473}
{"epoch": 145, "train_loss": 0.044225638501817106, "val_dice": 0.7651610323984508, "lr": 0.00019999999999999998}
{"epoch": 146, "train_loss": 0.04274294298901762, "val_dice": 0.7700167831621672, "lr": 0.00016909830056250526}
{"epoch": 147, "train_loss": 0.041007143386638585, "val_dice": 0.776797292161588, "lr": 0.00014122147477075268}
{"epoch": 148, "train_loss": 0.04081852767253263, "val_dice": 0.776852377901361, "lr": 0.00011909830056250527}
{"epoch": 149, "train_loss": 0.03802769229121139, "val_dice": 0.7751711196430215, "lr": 0.00010489434837048466}
{"epoch": 150, "train_loss": 0.03604321221499368, "val_dice": 0.7749431823429308, "lr": 0.0003}
{"epoch": 151, "train_loss": 0.048313353805965985, "val_dice": 0.7695321114712503, "lr": 0.00029510565162951536}
{"epoch": 152, "train_loss": 0.04773955272440238, "val_dice": 0.76406441959691, "lr": 0.00028090169943749475}
{"epoch": 153, "train_loss": 0.0504666981345975, "val_dice": 0.7680536320334986, "lr": 0.0002587785252292473}
{"epoch": 154, "train_loss": 0.046457956947241176, "val_dice": 0.769416824494674, "lr": 0.00023090169943749473}
{"epoch": 155, "train_loss": 0.04148708818051516, "val_dice": 0.771083756906217, "lr": 0.00019999999999999998}
{"epoch": 156, "train_loss": 0.039800239577548066, "val_dice": 0.7748965192714053, "lr": 0.00016909830056250526}
{"epoch": 157, "train_loss": 0.03836105789675592, "val_dice": 0.7769913250576168, "lr": 0.00014122147477075268}
{"epoch": 158, "train_loss": 0.037856800173903214, "val_dice": 0.7800193868185344, "lr": 0.00011909830056250527}
{"epoch": 159, "train_loss": 0.03472339380521835, "val_dice": 0.775997399192653, "lr": 0.00010489434837048466}
{"epoch": 160, "train_loss": 0.03391563945918217, "val_dice": 0.778072927036329, "lr": 0.0003}
{"epoch": 161, "train_loss": 0.04310748674282708, "val_dice": 0.7615737332291134, "lr": 0.00029510565162951536}
{"epoch": 162, "train_loss": 0.047690133372148905, "val_dice": 0.7603596047896816, "lr": 0.00028090169943749475}
{"epoch": 163, "train_loss": 0.04444920770794085, "val_dice": 0.766485544786846, "lr": 0.0002587785252292473}
{"epoch": 164, "train_loss": 0.042676519008325614, "val_dice": 0.7702650621499295, "lr": 0.00023090169943749473}
{"epoch": 165, "train_loss": 0.040915128959498594, "val_dice": 0.7751423393288793, "lr": 0.00019999999999999998}
{"epoch": 166, "train_loss": 0.03803713976982703, "val_dice": 0.7772150414759289, "lr": 0.00016909830056250526}
{"epoch": 167, "train_loss": 0.035800246430618556, "val_dice": 0.7756633382094534, "lr": 0.00014122147477075268}
{"epoch": 168, "train_loss": 0.03390481377250908, "val_dice": 0.7738382709926545, "lr": 0.00011909830056250527}
{"epoch": 169, "train_loss": 0.03241279141397086, "val_dice": 0.7740232720800614, "lr": 0.00010489434837048466}
{"epoch": 170, "train_loss": 0.03135995593918504, "val_dice": 0.7772679648082916, "lr": 0.0003}
{"epoch": 171, "train_loss": 0.04090734793914467, "val_dice": 0.7591901710704481, "lr": 0.00029510565162951536}
{"epoch": 172, "train_loss": 0.045764622262509415, "val_dice": 0.7700360621276655, "lr": 0.00028090169943749475}
{"epoch": 173, "train_loss": 0.042154486093751206, "val_dice": 0.7712578867611132, "lr": 0.0002587785252292473}
{"epoch": 174, "train_loss": 0.039366958246812786, "val_dice": 0.7716634123494478, "lr": 0.00023090169943749473}
{"epoch": 175, "train_loss": 0.039348322618646035, "val_dice": 0.7727597908924592, "lr": 0.00019999999999999998}
{"epoch": 176, "train_loss": 0.035417347163375884, "val_dice": 0.7743745285258958, "lr": 0.00016909830056250526}
{"epoch": 177, "train_loss": 0.03325701490170477, "val_dice": 0.7769901445583021, "lr": 0.00014122147477075268}
{"epoch": 178, "train_loss": 0.03147614537791604, "val_dice": 0.7791027679050542, "lr": 0.00011909830056250527}
{"epoch": 179, "train_loss": 0.0299726149839651, "val_dice": 0.7766539634501634, "lr": 0.00010489434837048466}
{"epoch": 180, "train_loss": 0.029157572146665138, "val_dice": 0.7762144093382549, "lr": 0.0003}
{"epoch": 181, "train_loss": 0.04236123758557019, "val_dice": 0.7690183222293854, "lr": 0.00029510565162951536}
{"epoch": 182, "train_loss": 0.041712831213743876, "val_dice": 0.7599942954235819, "lr": 0.00028090169943749475}
{"epoch": 183, "train_loss": 0.038863950251641105, "val_dice": 0.775997223243015, "lr": 0.0002587785252292473}
{"epoch": 184, "train_loss": 0.03573042550870993, "val_dice": 0.7737836003030738, "lr": 0.00023090169943749473}
{"epoch": 185, "train_loss": 0.0344069868033882, "val_dice": 0.7752645201213846, "lr": 0.00019999999999999998}
{"epoch": 186, "train_loss": 0.03206175517846637, "val_dice": 0.7755419002244892, "lr": 0.00016909830056250526}
{"epoch": 187, "train_loss": 0.031090805585467323, "val_dice": 0.776905335741676, "lr": 0.00014122147477075268}
{"epoch": 188, "train_loss": 0.029689101557039847, "val_dice": 0.7777662507729345, "lr": 0.00011909830056250527}
{"epoch": 189, "train_loss": 0.028799942090658243, "val_dice": 0.7801850473580698, "lr": 0.00010489434837048466}
{"epoch": 190, "train_loss": 0.027426822529598976, "val_dice": 0.776323886294114, "lr": 0.0003}
{"epoch": 191, "train_loss": 0.033941591413742846, "val_dice": 0.7728050160189788, "lr": 0.00029510565162951536}
{"epoch": 192, "train_loss": 0.03369776740027986, "val_dice": 0.774313435538137, "lr": 0.00028090169943749475}
{"epoch": 193, "train_loss": 0.03280671976638994, "val_dice": 0.7785383466997736, "lr": 0.0002587785252292473}
{"epoch": 194, "train_loss": 0.032994964607550685, "val_dice": 0.772632244249776, "lr": 0.00023090169943749473}
{"epoch": 195, "train_loss": 0.03212961397599962, "val_dice": 0.776125607146824, "lr": 0.00019999999999999998}
{"epoch": 196, "train_loss": 0.030095612886015064, "val_dice": 0.7767184919568985, "lr": 0.00016909830056250526}
{"epoch": 197, "train_loss": 0.028646935983523643, "val_dice": 0.7836382326326872, "lr": 0.00014122147477075268}
{"epoch": 198, "train_loss": 0.02746889287715763, "val_dice": 0.7737146015843755, "lr": 0.00011909830056250527}
{"epoch": 199, "train_loss": 0.02766135092073265, "val_dice": 0.7791488757122572, "lr": 0.00010489434837048466}
{"epoch": 200, "train_loss": 0.024876278955121348, "val_dice": 0.7796072380220863, "lr": 0.0003}
{"epoch": 201, "train_loss": 0.03052610403017206, "val_dice": 0.7680768242076005, "lr": 0.00029510565162951536}
{"epoch": 202, "train_loss": 0.037594450673702914, "val_dice": 0.7681657963188967, "lr": 0.00028090169943749475}
{"epoch": 203, "train_loss": 0.03735282748216445, "val_dice": 0.7724407752804411, "lr": 0.0002587785252292473}
{"epoch": 204, "train_loss": 0.03306092431567149, "val_dice": 0.7745195676314749, "lr": 0.00023090169943749473}
{"epoch": 205, "train_loss": 0.030061586281521523, "val_dice": 0.7762142006538008, "lr": 0.00019999999999999998}
{"epoch": 206, "train_loss": 0.02815022310887475, "val_dice": 0.7798433572531293, "lr": 0.00016909830056250526}
{"epoch": 207, "train_loss": 0.027214779809470464, "val_dice": 0.7827089758977738, "lr": 0.00014122147477075268}
{"epoch": 208, "train_loss": 0.025655981117044976, "val_dice": 0.7781877393580683, "lr": 0.00011909830056250527}
{"epoch": 209, "train_loss": 0.024427361412532975, "val_dice": 0.7810461154245948, "lr": 0.00010489434837048466}
{"epoch": 210, "train_loss": 0.02363490106997732, "val_dice": 0.7805500192827709, "lr": 0.0003}
{"epoch": 211, "train_loss": 0.03200530821728474, "val_dice": 0.7717078025335579, "lr": 0.00029510565162951536}
{"epoch": 212, "train_loss": 0.037337108542939985, "val_dice": 0.7723873507239999, "lr": 0.00028090169943749475}
{"epoch": 213, "train_loss": 0.03509325653907735, "val_dice": 0.7831073657053286, "lr": 0.0002587785252292473}
{"epoch": 214, "train_loss": 0.03111369057237368, "val_dice": 0.7829096935160919, "lr": 0.00023090169943749473}
{"epoch": 215, "train_loss": 0.02990271430122554, "val_dice": 0.7823939862185812, "lr": 0.00019999999999999998}
{"epoch": 216, "train_loss": 0.027331793659450945, "val_dice": 0.7851979864816644, "lr": 0.00016909830056250526}
{"epoch": 217, "train_loss": 0.025822751521280107, "val_dice": 0.7823972883431808, "lr": 0.00014122147477075268}
{"epoch": 218, "train_loss": 0.02422425933327592, "val_dice": 0.7803485787705917, "lr": 0.00011909830056250527}
{"epoch": 219, "train_loss": 0.022813135637918192, "val_dice": 0.7842026137378177, "lr": 0.00010489434837048466}
{"epoch": 220, "train_loss": 0.021777748709354783, "val_dice": 0.7854368420705643, "lr": 0.0003}
{"epoch": 221, "train_loss": 0.037982128540273725, "val_dice": 0.7767436732143778, "lr": 0.00029510565162951536}
{"epoch": 222, "train_loss": 0.028738004150256336, "val_dice": 0.7776551664011975, "lr": 0.00028090169943749475}
{"epoch": 223, "train_loss": 0.02914942627109135, "val_dice": 0.7758575968052212, "lr": 0.0002587785252292473}
{"epoch": 224, "train_loss": 0.028698063478725114, "val_dice": 0.7782078314427653, "lr": 0.00023090169943749473}
{"epoch": 225, "train_loss": 0.028570301066134614, "val_dice": 0.7788848994934859, "lr": 0.00019999999999999998}
{"epoch": 226, "train_loss": 0.025047922068470736, "val_dice": 0.7780341810165335, "lr": 0.00016909830056250526}
{"epoch": 227, "train_loss": 0.023761877483119687, "val_dice": 0.7806022302236928, "lr": 0.00014122147477075268}
{"epoch": 228, "train_loss": 0.02253621088872682, "val_dice": 0.7815140780376897, "lr": 0.00011909830056250527}
{"epoch": 229, "train_loss": 0.02136263532851682, "val_dice": 0.7794677448763727, "lr": 0.00010489434837048466}
{"epoch": 230, "train_loss": 0.020602092272923398, "val_dice": 0.7817449497412763, "lr": 0.0003}
{"epoch": 231, "train_loss": 0.031843011548586896, "val_dice": 0.7684433976235188, "lr": 0.00029510565162951536}
{"epoch": 232, "train_loss": 0.03193055674964978, "val_dice": 0.7732987562087908, "lr": 0.00028090169943749475}
{"epoch": 233, "train_loss": 0.029392054276876918, "val_dice": 0.7737704546828019, "lr": 0.0002587785252292473}
{"epoch": 234, "train_loss": 0.02750825867316081, "val_dice": 0.7811128326629883, "lr": 0.00023090169943749473}
{"epoch": 235, "train_loss": 0.02596725357089934, "val_dice": 0.7799039277113821, "lr": 0.00019999999999999998}
{"epoch": 236, "train_loss": 0.025008523103835452, "val_dice": 0.784683841044079, "lr": 0.00016909830056250526}
{"epoch": 237, "train_loss": 0.022323452037491625, "val_dice": 0.7804917594933674, "lr": 0.00014122147477075268}
{"epoch": 238, "train_loss": 0.021180042890955313, "val_dice": 0.7845939187763484, "lr": 0.00011909830056250527}
{"epoch": 239, "train_loss": 0.020034386771137, "val_dice": 0.7819532327848386, "lr": 0.00010489434837048466}
{"epoch": 240, "train_loss": 0.019066257281266676, "val_dice": 0.7807878580464378, "lr": 0.0003}
{"epoch": 241, "train_loss": 0.027132774648464093, "val_dice": 0.781282445249623, "lr": 0.00029510565162951536}
{"epoch": 242, "train_loss": 0.03251459601176273, "val_dice": 0.7780245725295637, "lr": 0.00028090169943749475}
{"epoch": 243, "train_loss": 0.028948614388471735, "val_dice": 0.7743040589227829, "lr": 0.0002587785252292473}
{"epoch": 244, "train_loss": 0.025809917490542265, "val_dice": 0.7820368762420026, "lr": 0.00023090169943749473}
{"epoch": 245, "train_loss": 0.023961161441510524, "val_dice": 0.782693486464651, "lr": 0.00019999999999999998}
{"epoch": 246, "train_loss": 0.0238110359386023, "val_dice": 0.7804376315197629, "lr": 0.00016909830056250526}
{"epoch": 247, "train_loss": 0.021206885465383577, "val_dice": 0.7834981443952914, "lr": 0.00014122147477075268}
{"epoch": 248, "train_loss": 0.019583566789436974, "val_dice": 0.785894014742609, "lr": 0.00011909830056250527}
{"epoch": 249, "train_loss": 0.018880809587608176, "val_dice": 0.7818270156530821, "lr": 0.00010489434837048466}
{"epoch": 250, "train_loss": 0.01819783650031076, "val_dice": 0.7811056360500083, "lr": 0.0003}
{"epoch": 251, "train_loss": 0.024231334355102576, "val_dice": 0.7736762981665762, "lr": 0.00029510565162951536}
{"epoch": 252, "train_loss": 0.02752403828727091, "val_dice": 0.7766611274647222, "lr": 0.00028090169943749475}
{"epoch": 253, "train_loss": 0.026360858583829246, "val_dice": 0.7737441522578625, "lr": 0.0002587785252292473}
{"epoch": 254, "train_loss": 0.024095469736094072, "val_dice": 0.7823578778066134, "lr": 0.00023090169943749473}
{"epoch": 255, "train_loss": 0.02232307374878706, "val_dice": 0.7805086097400848, "lr": 0.00019999999999999998}
{"epoch": 256, "train_loss": 0.021092560001043415, "val_dice": 0.7797705046917809, "lr": 0.00016909830056250526}
{"epoch": 257, "train_loss": 0.02026353191952997, "val_dice": 0.7816737441503756, "lr": 0.00014122147477075268}
{"epoch": 258, "train_loss": 0.01851350154343601, "val_dice": 0.7833454587094025, "lr": 0.00011909830056250527}
{"epoch": 259, "train_loss": 0.017518694833246605, "val_dice": 0.7820515132059495, "lr": 0.00010489434837048466}
{"epoch": 260, "train_loss": 0.016949012039355223, "val_dice": 0.7798800726231503, "lr": 0.0003}
{"epoch": 261, "train_loss": 0.024018316231143592, "val_dice": 0.7760465907559515, "lr": 0.00029510565162951536}
{"epoch": 262, "train_loss": 0.027962373978194843, "val_dice": 0.7773853290817557, "lr": 0.00028090169943749475}
{"epoch": 263, "train_loss": 0.026128184811221724, "val_dice": 0.7762270841568504, "lr": 0.0002587785252292473}
{"epoch": 264, "train_loss": 0.022963948865615275, "val_dice": 0.7774644596353003, "lr": 0.00023090169943749473}
{"epoch": 265, "train_loss": 0.021026775659686584, "val_dice": 0.7809931983664052, "lr": 0.00019999999999999998}
{"epoch": 266, "train_loss": 0.020490159134878984, "val_dice": 0.7736930822616856, "lr": 0.00016909830056250526}
{"epoch": 267, "train_loss": 0.018814217439574753, "val_dice": 0.7812384413363459, "lr": 0.00014122147477075268}
{"epoch": 268, "train_loss": 0.01734451517308677, "val_dice": 0.7796506349773101, "lr": 0.00011909830056250527}
{"epoch": 269, "train_loss": 0.016615467160307554, "val_dice": 0.7789765057288264, "lr": 0.00010489434837048466}
{"epoch": 270, "train_loss": 0.015935960615433058, "val_dice": 0.7812406237938311, "lr": 0.0003}
{"epoch": 271, "train_loss": 0.022344450180009114, "val_dice": 0.7757917499378563, "lr": 0.00029510565162951536}
{"epoch": 272, "train_loss": 0.02550746817517154, "val_dice": 0.7798612393285371, "lr": 0.00028090169943749475}
{"epoch": 273, "train_loss": 0.025006066896565437, "val_dice": 0.7762451720183174, "lr": 0.0002587785252292473}
{"epoch": 274, "train_loss": 0.022150535769177866, "val_dice": 0.7750663039886161, "lr": 0.00023090169943749473}
{"epoch": 275, "train_loss": 0.020944072914672915, "val_dice": 0.7767649116996224, "lr": 0.00019999999999999998}
{"epoch": 276, "train_loss": 0.018783063995844593, "val_dice": 0.7819611252854564, "lr": 0.00016909830056250526}
{"epoch": 277, "train_loss": 0.01754572834771349, "val_dice": 0.7793465368534935, "lr": 0.00014122147477075268}
{"epoch": 278, "train_loss": 0.016513647311391766, "val_dice": 0.7800853023267175, "lr": 0.00011909830056250527}
{"epoch": 279, "train_loss": 0.015525029714578385, "val_dice": 0.7812205547599007, "lr": 0.00010489434837048466}
{"epoch": 280, "train_loss": 0.015002814867315431, "val_dice": 0.7841534618654841, "lr": 0.0003}
{"epoch": 281, "train_loss": 0.020710471355347808, "val_dice": 0.7822733525553339, "lr": 0.00029510565162951536}
{"epoch": 282, "train_loss": 0.026827009906232217, "val_dice": 0.7695846784033, "lr": 0.00028090169943749475}
{"epoch": 283, "train_loss": 0.023921164452233794, "val_dice": 0.7814838168822928, "lr": 0.0002587785252292473}
{"epoch": 284, "train_loss": 0.020361356379065283, "val_dice": 0.7826820074557167, "lr": 0.00023090169943749473}
{"epoch": 285, "train_loss": 0.019557391295247133, "val_dice": 0.7782349204580625, "lr": 0.00019999999999999998}
{"epoch": 286, "train_loss": 0.01815842347474153, "val_dice": 0.7797808902896515, "lr": 0.00016909830056250526}
{"epoch": 287, "train_loss": 0.01666393752561207, "val_dice": 0.7834367093287016, "lr": 0.00014122147477075268}
{"epoch": 288, "train_loss": 0.015560556791596025, "val_dice": 0.7822562730967044, "lr": 0.00011909830056250527}
{"epoch": 289, "train_loss": 0.014714635154485666, "val_dice": 0.7822157062709468, "lr": 0.00010489434837048466}
{"epoch": 290, "train_loss": 0.014196265881986607, "val_dice": 0.781542809590595, "lr": 0.0003}
{"epoch": 291, "train_loss": 0.02028465739249389, "val_dice": 0.7729367218246722, "lr": 0.00029510565162951536}
{"epoch": 292, "train_loss": 0.023991524994430396, "val_dice": 0.7767296653044852, "lr": 0.00028090169943749475}
{"epoch": 293, "train_loss": 0.02664136150153087, "val_dice": 0.781473764292981, "lr": 0.0002587785252292473}
{"epoch": 294, "train_loss": 0.020079437535837925, "val_dice": 0.7719011013513298, "lr": 0.00023090169943749473}
{"epoch": 295, "train_loss": 0.01831706736691804, "val_dice": 0.7809823679160199, "lr": 0.00019999999999999998}
{"epoch": 296, "train_loss": 0.01620743419894415, "val_dice": 0.7801388129762435, "lr": 0.00016909830056250526}
{"epoch": 297, "train_loss": 0.015288183017610844, "val_dice": 0.7822564701193803, "lr": 0.00014122147477075268}
{"epoch": 298, "train_loss": 0.01475514901031609, "val_dice": 0.7812348906999321, "lr": 0.00011909830056250527}
{"epoch": 299, "train_loss": 0.01401295856065446, "val_dice": 0.7788613695028991, "lr": 0.00010489434837048466}
COMPLETE lvit mosmed 1003
