START reclmis mosmed 1001 GPU 2
[W Context.cpp:70] Warning: torch.use_deterministic_algorithms is in beta, and its design and functionality may change in the future. (function operator())
/data/ramialle/miniconda3/envs/phase1_official_reclmis/lib/python3.9/site-packages/clip/clip.py:6: UserWarning: pkg_resources is deprecated as an API. See https://setuptools.pypa.io/en/latest/pkg_resources.html. The pkg_resources package is slated for removal as early as 2025-11-30. Refrain from using this package or pin to Setuptools<81.
  from pkg_resources import packaging
use clip version: /data/ramialle/LanguageGuidedMedicalSegmentation/methods/phase1_language_guided/assets/reclmis/ViT-B-32.pt
512 8 12
/data/ramialle/LanguageGuidedMedicalSegmentation/upstream/RecLMIS/nets/RecLMIS.py:217: UserWarning: To copy construct from a tensor, it is recommended to use sourceTensor.clone().detach() or sourceTensor.clone().detach().requires_grad_(True), rather than torch.tensor(sourceTensor).
  img_weight = img_weight.masked_fill_(torch.tensor((1 - img_mask.int()), dtype=torch.bool), float("-inf"))
/data/ramialle/LanguageGuidedMedicalSegmentation/upstream/RecLMIS/nets/RecLMIS.py:225: UserWarning: To copy construct from a tensor, it is recommended to use sourceTensor.clone().detach() or sourceTensor.clone().detach().requires_grad_(True), rather than torch.tensor(sourceTensor).
  text_weight = text_weight.masked_fill_(torch.tensor((1 - text_mask.int()), dtype=torch.bool), float("-inf"))
{"epoch": 1, "train_loss": 4.19855549982733, "val_dice": 0.3321327535729659, "lr": 0.00029699999999999996}
{"epoch": 2, "train_loss": 3.1211358247344028, "val_dice": 0.45770673511775734, "lr": 0.00029403}
{"epoch": 3, "train_loss": 2.4040131683611787, "val_dice": 0.5428488860141222, "lr": 0.0002910897}
{"epoch": 4, "train_loss": 1.9659947264781659, "val_dice": 0.5601337361799498, "lr": 0.000288178803}
{"epoch": 5, "train_loss": 1.7284435970540173, "val_dice": 0.6145869486664743, "lr": 0.00028529701496999996}
{"epoch": 6, "train_loss": 1.505791416282916, "val_dice": 0.6030689225589656, "lr": 0.0002824440448203}
{"epoch": 7, "train_loss": 1.333774785951787, "val_dice": 0.6486714163142975, "lr": 0.00027961960437209696}
{"epoch": 8, "train_loss": 1.2524429619790216, "val_dice": 0.629263536880982, "lr": 0.000276823408328376}
{"epoch": 9, "train_loss": 1.1184403676484185, "val_dice": 0.7242214992062723, "lr": 0.00027405517424509225}
{"epoch": 10, "train_loss": 1.034733596945956, "val_dice": 0.7087242127283214, "lr": 0.0002713146225026413}
{"epoch": 11, "train_loss": 0.957702355627888, "val_dice": 0.6644885036710744, "lr": 0.0002686014762776149}
{"epoch": 12, "train_loss": 0.9230818673370903, "val_dice": 0.7040412851547485, "lr": 0.00026591546151483875}
{"epoch": 13, "train_loss": 0.8644402224446763, "val_dice": 0.7295420438528607, "lr": 0.00026325630689969036}
{"epoch": 14, "train_loss": 0.8023062723199117, "val_dice": 0.7302311960292354, "lr": 0.00026062374383069347}
{"epoch": 15, "train_loss": 0.7750748959876691, "val_dice": 0.7181275889311557, "lr": 0.0002580175063923865}
{"epoch": 16, "train_loss": 0.7463924479921522, "val_dice": 0.7323380356795183, "lr": 0.0002554373313284626}
{"epoch": 17, "train_loss": 0.6910227841664562, "val_dice": 0.7411101906468721, "lr": 0.000252882958015178}
{"epoch": 18, "train_loss": 0.7045632789225104, "val_dice": 0.7401566454965953, "lr": 0.00025035412843502623}
{"epoch": 19, "train_loss": 0.673121722020371, "val_dice": 0.7386140195946944, "lr": 0.000247850587150676}
{"epoch": 20, "train_loss": 0.62892703406453, "val_dice": 0.7549844238250698, "lr": 0.0002453720812791692}
{"epoch": 21, "train_loss": 0.5893023729597443, "val_dice": 0.7536692845739543, "lr": 0.0002429183604663775}
{"epoch": 22, "train_loss": 0.594637554740578, "val_dice": 0.7241503192576445, "lr": 0.00024048917686171373}
{"epoch": 23, "train_loss": 0.5861487889412752, "val_dice": 0.7523055279827773, "lr": 0.0002380842850930966}
{"epoch": 24, "train_loss": 0.5858640528080253, "val_dice": 0.7564931359116491, "lr": 0.0002357034422421656}
{"epoch": 25, "train_loss": 0.570809858429746, "val_dice": 0.7677714393668098, "lr": 0.00023334640781974398}
{"epoch": 26, "train_loss": 0.5127272934813952, "val_dice": 0.7557552774656283, "lr": 0.0002310129437415465}
{"epoch": 27, "train_loss": 0.49445417847693446, "val_dice": 0.714599761455501, "lr": 0.00022870281430413105}
{"epoch": 28, "train_loss": 0.49468860173553125, "val_dice": 0.7711253578111836, "lr": 0.00022641578616108975}
{"epoch": 29, "train_loss": 0.45687910245319685, "val_dice": 0.7765439973815901, "lr": 0.0002241516282994788}
{"epoch": 30, "train_loss": 0.44455865923345156, "val_dice": 0.7790202053788052, "lr": 0.00022191011201648406}
{"epoch": 31, "train_loss": 0.461944676790587, "val_dice": 0.7717723862802955, "lr": 0.00021969101089631921}
{"epoch": 32, "train_loss": 0.47530114398106404, "val_dice": 0.7535577093163671, "lr": 0.000217494100787356}
{"epoch": 33, "train_loss": 0.42986471447474905, "val_dice": 0.7660008360646682, "lr": 0.00021531915977948245}
{"epoch": 34, "train_loss": 0.40841238379888106, "val_dice": 0.7655565205373263, "lr": 0.0002131659681816876}
{"epoch": 35, "train_loss": 0.3987277784776305, "val_dice": 0.7842568685588357, "lr": 0.00021103430849987072}
{"epoch": 36, "train_loss": 0.3860508753125474, "val_dice": 0.7739324028213728, "lr": 0.000208923965414872}
{"epoch": 37, "train_loss": 0.3791062593255256, "val_dice": 0.7764071276586171, "lr": 0.0002068347257607233}
{"epoch": 38, "train_loss": 0.37053978912540864, "val_dice": 0.7821986619340473, "lr": 0.00020476637850311608}
{"epoch": 39, "train_loss": 0.36179390556487295, "val_dice": 0.7619876718357445, "lr": 0.0002027187147180849}
{"epoch": 40, "train_loss": 0.4002495206303613, "val_dice": 0.7816150926343364, "lr": 0.00020069152757090406}
{"epoch": 41, "train_loss": 0.3729493049275288, "val_dice": 0.7664394276365808, "lr": 0.000198684612295195}
{"epoch": 42, "train_loss": 0.3742506702740987, "val_dice": 0.7693461141542657, "lr": 0.00019669776617224307}
{"epoch": 43, "train_loss": 0.34898298220945795, "val_dice": 0.754129517678538, "lr": 0.00019473078851052063}
{"epoch": 44, "train_loss": 0.3384211192596682, "val_dice": 0.754938771031814, "lr": 0.00019278348062541542}
{"epoch": 45, "train_loss": 0.34014921482622557, "val_dice": 0.774794864436309, "lr": 0.00019085564581916125}
{"epoch": 46, "train_loss": 0.3175239325047632, "val_dice": 0.7711359364762732, "lr": 0.00018894708936096965}
{"epoch": 47, "train_loss": 0.3105596276117491, "val_dice": 0.7670377117818226, "lr": 0.00018705761846735998}
{"epoch": 48, "train_loss": 0.3003572168731198, "val_dice": 0.7695001260094021, "lr": 0.00018518704228268637}
{"epoch": 49, "train_loss": 0.29481613146139035, "val_dice": 0.7770940437742447, "lr": 0.00018333517185985948}
{"epoch": 50, "train_loss": 0.2971688969506704, "val_dice": 0.7435803308366911, "lr": 0.00018150182014126088}
{"epoch": 51, "train_loss": 0.3466297274739199, "val_dice": 0.765105912969096, "lr": 0.00017968680193984827}
{"epoch": 52, "train_loss": 0.2957170638431798, "val_dice": 0.7739359114481055, "lr": 0.00017788993392044982}
{"epoch": 53, "train_loss": 0.27990751731436686, "val_dice": 0.7795850420434633, "lr": 0.00017611103458124532}
{"epoch": 54, "train_loss": 0.27929979153105483, "val_dice": 0.7710624425853144, "lr": 0.00017434992423543284}
{"epoch": 55, "train_loss": 0.2601825507167825, "val_dice": 0.773223876953125, "lr": 0.00017260642499307852}
{"epoch": 56, "train_loss": 0.254236937132488, "val_dice": 0.783385021462866, "lr": 0.00017088036074314775}
{"epoch": 57, "train_loss": 0.2536474231114229, "val_dice": 0.7734511774246425, "lr": 0.00016917155713571625}
{"epoch": 58, "train_loss": 0.24647678916192137, "val_dice": 0.77699879841619, "lr": 0.00016747984156435908}
{"epoch": 59, "train_loss": 0.24301341380859978, "val_dice": 0.7791926380698686, "lr": 0.00016580504314871552}
{"epoch": 60, "train_loss": 0.239037626592564, "val_dice": 0.7742461057494925, "lr": 0.00016414699271722835}
{"epoch": 61, "train_loss": 0.23707898923826382, "val_dice": 0.7766094987943462, "lr": 0.00016250552279005605}
{"epoch": 62, "train_loss": 0.24834498571912583, "val_dice": 0.7626954768560571, "lr": 0.0001608804675621555}
{"epoch": 63, "train_loss": 0.2561222224027977, "val_dice": 0.7717889427320362, "lr": 0.00015927166288653394}
{"epoch": 64, "train_loss": 0.23387536495275377, "val_dice": 0.7740012918784362, "lr": 0.0001576789462576686}
{"epoch": 65, "train_loss": 0.24149724591911725, "val_dice": 0.7770357568422226, "lr": 0.00015610215679509192}
{"epoch": 66, "train_loss": 0.25120422730535985, "val_dice": 0.7720731788696359, "lr": 0.00015454113522714096}
COMPLETE reclmis mosmed 1001
START reclmis mosmed 1002 GPU 2
[W Context.cpp:70] Warning: torch.use_deterministic_algorithms is in beta, and its design and functionality may change in the future. (function operator())
/data/ramialle/miniconda3/envs/phase1_official_reclmis/lib/python3.9/site-packages/clip/clip.py:6: UserWarning: pkg_resources is deprecated as an API. See https://setuptools.pypa.io/en/latest/pkg_resources.html. The pkg_resources package is slated for removal as early as 2025-11-30. Refrain from using this package or pin to Setuptools<81.
  from pkg_resources import packaging
use clip version: /data/ramialle/LanguageGuidedMedicalSegmentation/methods/phase1_language_guided/assets/reclmis/ViT-B-32.pt
512 8 12
/data/ramialle/LanguageGuidedMedicalSegmentation/upstream/RecLMIS/nets/RecLMIS.py:217: UserWarning: To copy construct from a tensor, it is recommended to use sourceTensor.clone().detach() or sourceTensor.clone().detach().requires_grad_(True), rather than torch.tensor(sourceTensor).
  img_weight = img_weight.masked_fill_(torch.tensor((1 - img_mask.int()), dtype=torch.bool), float("-inf"))
/data/ramialle/LanguageGuidedMedicalSegmentation/upstream/RecLMIS/nets/RecLMIS.py:225: UserWarning: To copy construct from a tensor, it is recommended to use sourceTensor.clone().detach() or sourceTensor.clone().detach().requires_grad_(True), rather than torch.tensor(sourceTensor).
  text_weight = text_weight.masked_fill_(torch.tensor((1 - text_mask.int()), dtype=torch.bool), float("-inf"))
{"epoch": 1, "train_loss": 4.2865841497943435, "val_dice": 0.2355904622468032, "lr": 0.00029699999999999996}
{"epoch": 2, "train_loss": 3.270368016189453, "val_dice": 0.44080271444004243, "lr": 0.00029403}
{"epoch": 3, "train_loss": 2.6015002530874667, "val_dice": 0.5473433479291624, "lr": 0.0002910897}
{"epoch": 4, "train_loss": 2.093692952414968, "val_dice": 0.6046151832530373, "lr": 0.000288178803}
{"epoch": 5, "train_loss": 1.750096974503953, "val_dice": 0.6328030122226654, "lr": 0.00028529701496999996}
{"epoch": 6, "train_loss": 1.542557468665561, "val_dice": 0.6427650574415718, "lr": 0.0002824440448203}
{"epoch": 7, "train_loss": 1.3861822387606828, "val_dice": 0.6839008845508235, "lr": 0.00027961960437209696}
{"epoch": 8, "train_loss": 1.2870262896755171, "val_dice": 0.6790071506249277, "lr": 0.000276823408328376}
{"epoch": 9, "train_loss": 1.2619426295519693, "val_dice": 0.647317159639616, "lr": 0.00027405517424509225}
{"epoch": 10, "train_loss": 1.1341305947931908, "val_dice": 0.5497267767275498, "lr": 0.0002713146225026413}
{"epoch": 11, "train_loss": 1.0448920360818625, "val_dice": 0.7172081283628259, "lr": 0.0002686014762776149}
{"epoch": 12, "train_loss": 0.9643415496657941, "val_dice": 0.7143953679900966, "lr": 0.00026591546151483875}
{"epoch": 13, "train_loss": 0.9128298126545149, "val_dice": 0.7267348087079465, "lr": 0.00026325630689969036}
{"epoch": 14, "train_loss": 0.8709515555071531, "val_dice": 0.7172877489838502, "lr": 0.00026062374383069347}
{"epoch": 15, "train_loss": 0.8135134948487953, "val_dice": 0.7092099281142996, "lr": 0.0002580175063923865}
{"epoch": 16, "train_loss": 0.795258276787547, "val_dice": 0.750553612441711, "lr": 0.0002554373313284626}
{"epoch": 17, "train_loss": 0.7547085399889865, "val_dice": 0.7325563940903688, "lr": 0.000252882958015178}
{"epoch": 18, "train_loss": 0.732612593204022, "val_dice": 0.734043312290986, "lr": 0.00025035412843502623}
{"epoch": 19, "train_loss": 0.7174958465844905, "val_dice": 0.7538237867693607, "lr": 0.000247850587150676}
{"epoch": 20, "train_loss": 0.6791997808634483, "val_dice": 0.7536921621187328, "lr": 0.0002453720812791692}
{"epoch": 21, "train_loss": 0.6536065706682369, "val_dice": 0.7572401175509874, "lr": 0.0002429183604663775}
{"epoch": 22, "train_loss": 0.6331392125848506, "val_dice": 0.7678784359783548, "lr": 0.00024048917686171373}
{"epoch": 23, "train_loss": 0.6146608242873883, "val_dice": 0.7402811638277783, "lr": 0.0002380842850930966}
{"epoch": 24, "train_loss": 0.6328435067049006, "val_dice": 0.7552270908377536, "lr": 0.0002357034422421656}
{"epoch": 25, "train_loss": 0.6031014063104322, "val_dice": 0.7629204805710222, "lr": 0.00023334640781974398}
{"epoch": 26, "train_loss": 0.5636228298403553, "val_dice": 0.7717639649759986, "lr": 0.0002310129437415465}
{"epoch": 27, "train_loss": 0.5770438358887501, "val_dice": 0.7710726945842158, "lr": 0.00022870281430413105}
{"epoch": 28, "train_loss": 0.5491016596931226, "val_dice": 0.741749123659505, "lr": 0.00022641578616108975}
{"epoch": 29, "train_loss": 0.5423593603390325, "val_dice": 0.7831577561812761, "lr": 0.0002241516282994788}
{"epoch": 30, "train_loss": 0.516754429911147, "val_dice": 0.7747936402905724, "lr": 0.00022191011201648406}
{"epoch": 31, "train_loss": 0.5059809587119235, "val_dice": 0.7812248475218802, "lr": 0.00021969101089631921}
{"epoch": 32, "train_loss": 0.5219200520444435, "val_dice": 0.7715811674873125, "lr": 0.000217494100787356}
{"epoch": 33, "train_loss": 0.4834470267216638, "val_dice": 0.7815710070204135, "lr": 0.00021531915977948245}
{"epoch": 34, "train_loss": 0.48464524902975165, "val_dice": 0.7828599846062998, "lr": 0.0002131659681816876}
{"epoch": 35, "train_loss": 0.4617034141891737, "val_dice": 0.7826796943317562, "lr": 0.00021103430849987072}
{"epoch": 36, "train_loss": 0.4818668061993239, "val_dice": 0.775914420388656, "lr": 0.000208923965414872}
{"epoch": 37, "train_loss": 0.46937118328996813, "val_dice": 0.7690517337698686, "lr": 0.0002068347257607233}
{"epoch": 38, "train_loss": 0.46331759167564146, "val_dice": 0.772666186980852, "lr": 0.00020476637850311608}
{"epoch": 39, "train_loss": 0.43187778129883514, "val_dice": 0.7890180806273454, "lr": 0.0002027187147180849}
{"epoch": 40, "train_loss": 0.4173280110269068, "val_dice": 0.7788797989317154, "lr": 0.00020069152757090406}
{"epoch": 41, "train_loss": 0.4241358446979304, "val_dice": 0.7869263783745144, "lr": 0.000198684612295195}
{"epoch": 42, "train_loss": 0.4000736436415101, "val_dice": 0.7802966432113124, "lr": 0.00019669776617224307}
{"epoch": 43, "train_loss": 0.4106257616586019, "val_dice": 0.7549672152685083, "lr": 0.00019473078851052063}
{"epoch": 44, "train_loss": 0.4126911921872579, "val_dice": 0.7810584745909038, "lr": 0.00019278348062541542}
{"epoch": 45, "train_loss": 0.39336702328299056, "val_dice": 0.7775281819107877, "lr": 0.00019085564581916125}
{"epoch": 46, "train_loss": 0.3870218269876871, "val_dice": 0.7820855525047337, "lr": 0.00018894708936096965}
{"epoch": 47, "train_loss": 0.44858935966934127, "val_dice": 0.7657436161073995, "lr": 0.00018705761846735998}
{"epoch": 48, "train_loss": 0.40906466890173404, "val_dice": 0.7826632280371555, "lr": 0.00018518704228268637}
{"epoch": 49, "train_loss": 0.3707471789295048, "val_dice": 0.7823481993489735, "lr": 0.00018333517185985948}
{"epoch": 50, "train_loss": 0.35967705800770894, "val_dice": 0.7833103549835065, "lr": 0.00018150182014126088}
{"epoch": 51, "train_loss": 0.35569885902251847, "val_dice": 0.7847597759975722, "lr": 0.00017968680193984827}
{"epoch": 52, "train_loss": 0.3442420094420137, "val_dice": 0.7859443930793955, "lr": 0.00017788993392044982}
{"epoch": 53, "train_loss": 0.3269417788086615, "val_dice": 0.7855564272649228, "lr": 0.00017611103458124532}
{"epoch": 54, "train_loss": 0.3457492233893033, "val_dice": 0.7861493764534695, "lr": 0.00017434992423543284}
{"epoch": 55, "train_loss": 0.3253365974246022, "val_dice": 0.7868631829931753, "lr": 0.00017260642499307852}
{"epoch": 56, "train_loss": 0.3188864585665083, "val_dice": 0.7859882335913809, "lr": 0.00017088036074314775}
{"epoch": 57, "train_loss": 0.31961331078686667, "val_dice": 0.7829683933159852, "lr": 0.00016917155713571625}
{"epoch": 58, "train_loss": 0.30458202336798557, "val_dice": 0.78858815123342, "lr": 0.00016747984156435908}
{"epoch": 59, "train_loss": 0.3064631868371439, "val_dice": 0.7808807395415667, "lr": 0.00016580504314871552}
{"epoch": 60, "train_loss": 0.29878385090199805, "val_dice": 0.7898279013841049, "lr": 0.00016414699271722835}
{"epoch": 61, "train_loss": 0.2813180541323086, "val_dice": 0.78512223934418, "lr": 0.00016250552279005605}
{"epoch": 62, "train_loss": 0.28425677767597385, "val_dice": 0.786216249864216, "lr": 0.0001608804675621555}
{"epoch": 63, "train_loss": 0.29113378473914914, "val_dice": 0.7835780128461546, "lr": 0.00015927166288653394}
{"epoch": 64, "train_loss": 0.28375420001637347, "val_dice": 0.7863519686856041, "lr": 0.0001576789462576686}
{"epoch": 65, "train_loss": 0.28134509494351084, "val_dice": 0.783001304627556, "lr": 0.00015610215679509192}
{"epoch": 66, "train_loss": 0.27480589558305335, "val_dice": 0.7844345224531073, "lr": 0.00015454113522714096}
{"epoch": 67, "train_loss": 0.2727371138805376, "val_dice": 0.7566685279665059, "lr": 0.00015299572387486956}
{"epoch": 68, "train_loss": 0.3854763825666181, "val_dice": 0.7727441704518735, "lr": 0.00015146576663612087}
{"epoch": 69, "train_loss": 0.2925484729215998, "val_dice": 0.7847363377326686, "lr": 0.00014995110896975968}
{"epoch": 70, "train_loss": 0.2693663096782951, "val_dice": 0.7922913553512887, "lr": 0.00014845159788006207}
{"epoch": 71, "train_loss": 0.254134595701375, "val_dice": 0.786391045872625, "lr": 0.00014696708190126145}
{"epoch": 72, "train_loss": 0.24364085736143629, "val_dice": 0.7838932214394314, "lr": 0.00014549741108224883}
{"epoch": 73, "train_loss": 0.24398061380490133, "val_dice": 0.7852709993072178, "lr": 0.00014404243697142634}
{"epoch": 74, "train_loss": 0.24315795515752467, "val_dice": 0.7900289046136957, "lr": 0.00014260201260171207}
{"epoch": 75, "train_loss": 0.23919503950649385, "val_dice": 0.7875902763220484, "lr": 0.00014117599247569495}
{"epoch": 76, "train_loss": 0.24217260365223967, "val_dice": 0.7782954491794246, "lr": 0.000139764232550938}
{"epoch": 77, "train_loss": 0.23088708101747235, "val_dice": 0.7818228678790601, "lr": 0.00013836659022542863}
{"epoch": 78, "train_loss": 0.22317289343404606, "val_dice": 0.7590745358772627, "lr": 0.00013698292432317433}
{"epoch": 79, "train_loss": 0.26153460778253323, "val_dice": 0.7695197288449896, "lr": 0.0001356130950799426}
{"epoch": 80, "train_loss": 0.23396929716189976, "val_dice": 0.7890223982132272, "lr": 0.00013425696412914316}
{"epoch": 81, "train_loss": 0.21942822682966753, "val_dice": 0.7840150210077211, "lr": 0.00013291439448785174}
{"epoch": 82, "train_loss": 0.2087798990300704, "val_dice": 0.7820335990777004, "lr": 0.00013158525054297323}
{"epoch": 83, "train_loss": 0.21159473170802628, "val_dice": 0.784926644451831, "lr": 0.00013026939803754349}
{"epoch": 84, "train_loss": 0.2122322384519812, "val_dice": 0.7813087840920455, "lr": 0.00012896670405716803}
{"epoch": 85, "train_loss": 0.21537015913961133, "val_dice": 0.7827918630442848, "lr": 0.00012767703701659636}
{"epoch": 86, "train_loss": 0.20166736518599324, "val_dice": 0.7872069235251752, "lr": 0.0001264002666464304}
{"epoch": 87, "train_loss": 0.19628998623544272, "val_dice": 0.7833962523691714, "lr": 0.0001251362639799661}
{"epoch": 88, "train_loss": 0.19130239849067363, "val_dice": 0.7818640298646975, "lr": 0.00012388490134016643}
{"epoch": 89, "train_loss": 0.19625381677318685, "val_dice": 0.7833322967217224, "lr": 0.00012264605232676477}
{"epoch": 90, "train_loss": 0.18765258312839822, "val_dice": 0.7835590896671915, "lr": 0.00012141959180349713}
{"epoch": 91, "train_loss": 0.19581640297536315, "val_dice": 0.7801912435132251, "lr": 0.00012020539588546215}
{"epoch": 92, "train_loss": 0.19110275318532466, "val_dice": 0.7854746029087826, "lr": 0.00011900334192660752}
{"epoch": 93, "train_loss": 0.18633126587802193, "val_dice": 0.7673119659827558, "lr": 0.00011781330850734145}
{"epoch": 94, "train_loss": 0.1826702088185875, "val_dice": 0.7822266079195577, "lr": 0.00011663517542226803}
{"epoch": 95, "train_loss": 0.179557534478784, "val_dice": 0.7824528558303344, "lr": 0.00011546882366804535}
{"epoch": 96, "train_loss": 0.18263585919264666, "val_dice": 0.7827136792089082, "lr": 0.00011431413543136488}
{"epoch": 97, "train_loss": 0.17613277511771466, "val_dice": 0.7815945853630519, "lr": 0.00011317099407705124}
{"epoch": 98, "train_loss": 0.17380060847818785, "val_dice": 0.7806690778557714, "lr": 0.00011203928413628074}
{"epoch": 99, "train_loss": 0.1712374045830412, "val_dice": 0.7816761875316262, "lr": 0.00011091889129491793}
{"epoch": 100, "train_loss": 0.1656752208339526, "val_dice": 0.7784286171402484, "lr": 0.00010980970238196875}
{"epoch": 101, "train_loss": 0.17021822244918905, "val_dice": 0.7764037711123852, "lr": 0.00010871160535814906}
COMPLETE reclmis mosmed 1002
START reclmis mosmed 1003 GPU 2
[W Context.cpp:70] Warning: torch.use_deterministic_algorithms is in beta, and its design and functionality may change in the future. (function operator())
/data/ramialle/miniconda3/envs/phase1_official_reclmis/lib/python3.9/site-packages/clip/clip.py:6: UserWarning: pkg_resources is deprecated as an API. See https://setuptools.pypa.io/en/latest/pkg_resources.html. The pkg_resources package is slated for removal as early as 2025-11-30. Refrain from using this package or pin to Setuptools<81.
  from pkg_resources import packaging
use clip version: /data/ramialle/LanguageGuidedMedicalSegmentation/methods/phase1_language_guided/assets/reclmis/ViT-B-32.pt
512 8 12
/data/ramialle/LanguageGuidedMedicalSegmentation/upstream/RecLMIS/nets/RecLMIS.py:217: UserWarning: To copy construct from a tensor, it is recommended to use sourceTensor.clone().detach() or sourceTensor.clone().detach().requires_grad_(True), rather than torch.tensor(sourceTensor).
  img_weight = img_weight.masked_fill_(torch.tensor((1 - img_mask.int()), dtype=torch.bool), float("-inf"))
/data/ramialle/LanguageGuidedMedicalSegmentation/upstream/RecLMIS/nets/RecLMIS.py:225: UserWarning: To copy construct from a tensor, it is recommended to use sourceTensor.clone().detach() or sourceTensor.clone().detach().requires_grad_(True), rather than torch.tensor(sourceTensor).
  text_weight = text_weight.masked_fill_(torch.tensor((1 - text_mask.int()), dtype=torch.bool), float("-inf"))
{"epoch": 1, "train_loss": 4.429795872851063, "val_dice": 0.30049763255042944, "lr": 0.00029699999999999996}
{"epoch": 2, "train_loss": 3.361755449201097, "val_dice": 0.3070032979176301, "lr": 0.00029403}
{"epoch": 3, "train_loss": 2.6345456260995768, "val_dice": 0.5419214181687249, "lr": 0.0002910897}
{"epoch": 4, "train_loss": 2.107106095054032, "val_dice": 0.5586583334739476, "lr": 0.000288178803}
{"epoch": 5, "train_loss": 1.7457761076307787, "val_dice": 0.5387546308253395, "lr": 0.00028529701496999996}
{"epoch": 6, "train_loss": 1.5431963851907955, "val_dice": 0.691542120765494, "lr": 0.0002824440448203}
{"epoch": 7, "train_loss": 1.3932885875133851, "val_dice": 0.678450432194725, "lr": 0.00027961960437209696}
{"epoch": 8, "train_loss": 1.284482800264129, "val_dice": 0.7091871474100195, "lr": 0.000276823408328376}
{"epoch": 9, "train_loss": 1.1715128819830503, "val_dice": 0.6699220981423315, "lr": 0.00027405517424509225}
{"epoch": 10, "train_loss": 1.1142479532226528, "val_dice": 0.6981935310145537, "lr": 0.0002713146225026413}
{"epoch": 11, "train_loss": 1.0482479545532086, "val_dice": 0.6813873764579301, "lr": 0.0002686014762776149}
{"epoch": 12, "train_loss": 1.001602495522297, "val_dice": 0.6968511533955415, "lr": 0.00026591546151483875}
{"epoch": 13, "train_loss": 0.9337198805972883, "val_dice": 0.7270228033480437, "lr": 0.00026325630689969036}
{"epoch": 14, "train_loss": 0.8699785434776428, "val_dice": 0.7368770780497885, "lr": 0.00026062374383069347}
{"epoch": 15, "train_loss": 0.8287456118227553, "val_dice": 0.7325892505711221, "lr": 0.0002580175063923865}
{"epoch": 16, "train_loss": 0.8178909011313186, "val_dice": 0.7150762186170443, "lr": 0.0002554373313284626}
{"epoch": 17, "train_loss": 0.791171131947879, "val_dice": 0.6848181498405317, "lr": 0.000252882958015178}
{"epoch": 18, "train_loss": 0.7232882233692881, "val_dice": 0.7351658723447089, "lr": 0.00025035412843502623}
{"epoch": 19, "train_loss": 0.7168280955442449, "val_dice": 0.7618392723648717, "lr": 0.000247850587150676}
{"epoch": 20, "train_loss": 0.7147814093449955, "val_dice": 0.7168536759077548, "lr": 0.0002453720812791692}
{"epoch": 21, "train_loss": 0.6959545300998229, "val_dice": 0.7474240018246648, "lr": 0.0002429183604663775}
{"epoch": 22, "train_loss": 0.665256405818913, "val_dice": 0.7411058163206419, "lr": 0.00024048917686171373}
{"epoch": 23, "train_loss": 0.6310675880889849, "val_dice": 0.7608358718164998, "lr": 0.0002380842850930966}
{"epoch": 24, "train_loss": 0.649725050655837, "val_dice": 0.7298480815145462, "lr": 0.0002357034422421656}
{"epoch": 25, "train_loss": 0.6470988582636209, "val_dice": 0.7585757932619317, "lr": 0.00023334640781974398}
{"epoch": 26, "train_loss": 0.6001929982830978, "val_dice": 0.7614644231185215, "lr": 0.0002310129437415465}
{"epoch": 27, "train_loss": 0.5826565544766386, "val_dice": 0.7574284648186009, "lr": 0.00022870281430413105}
{"epoch": 28, "train_loss": 0.5580284068060085, "val_dice": 0.7354115489145711, "lr": 0.00022641578616108975}
{"epoch": 29, "train_loss": 0.540818675345435, "val_dice": 0.7190168745457717, "lr": 0.0002241516282994788}
{"epoch": 30, "train_loss": 0.5537663026363989, "val_dice": 0.7208124373270117, "lr": 0.00022191011201648406}
{"epoch": 31, "train_loss": 0.5390572711774164, "val_dice": 0.7123111056790472, "lr": 0.00021969101089631921}
{"epoch": 32, "train_loss": 0.5405181388947835, "val_dice": 0.7640847247307033, "lr": 0.000217494100787356}
{"epoch": 33, "train_loss": 0.4995431628287316, "val_dice": 0.7643486399126816, "lr": 0.00021531915977948245}
{"epoch": 34, "train_loss": 0.48307138555101786, "val_dice": 0.7535527438539117, "lr": 0.0002131659681816876}
{"epoch": 35, "train_loss": 0.4965021178757885, "val_dice": 0.7627332711110671, "lr": 0.00021103430849987072}
{"epoch": 36, "train_loss": 0.47740056714787654, "val_dice": 0.775844901322773, "lr": 0.000208923965414872}
{"epoch": 37, "train_loss": 0.4713837299901322, "val_dice": 0.7692390228845435, "lr": 0.0002068347257607233}
{"epoch": 38, "train_loss": 0.4638109498348979, "val_dice": 0.7579205247575685, "lr": 0.00020476637850311608}
{"epoch": 39, "train_loss": 0.44948444709198854, "val_dice": 0.7789117294263512, "lr": 0.0002027187147180849}
{"epoch": 40, "train_loss": 0.4354553579055157, "val_dice": 0.7690217991442647, "lr": 0.00020069152757090406}
{"epoch": 41, "train_loss": 0.43520008957809325, "val_dice": 0.7721811272459663, "lr": 0.000198684612295195}
{"epoch": 42, "train_loss": 0.42291595733042847, "val_dice": 0.7797541940239529, "lr": 0.00019669776617224307}
{"epoch": 43, "train_loss": 0.40986900558996037, "val_dice": 0.7641270016096277, "lr": 0.00019473078851052063}
{"epoch": 44, "train_loss": 0.4005615721282817, "val_dice": 0.7793150801953244, "lr": 0.00019278348062541542}
{"epoch": 45, "train_loss": 0.3974348530941403, "val_dice": 0.7727409824899459, "lr": 0.00019085564581916125}
{"epoch": 46, "train_loss": 0.3949475763931034, "val_dice": 0.7812363491723957, "lr": 0.00018894708936096965}
{"epoch": 47, "train_loss": 0.3817380478633365, "val_dice": 0.7777437660459523, "lr": 0.00018705761846735998}
{"epoch": 48, "train_loss": 0.37372394163857076, "val_dice": 0.789799778357796, "lr": 0.00018518704228268637}
{"epoch": 49, "train_loss": 0.3603551756816768, "val_dice": 0.783235816442721, "lr": 0.00018333517185985948}
{"epoch": 50, "train_loss": 0.3874475232582595, "val_dice": 0.7745228293831343, "lr": 0.00018150182014126088}
{"epoch": 51, "train_loss": 0.38916218451481366, "val_dice": 0.7707666031828734, "lr": 0.00017968680193984827}
{"epoch": 52, "train_loss": 0.3739071457997767, "val_dice": 0.766978385110196, "lr": 0.00017788993392044982}
{"epoch": 53, "train_loss": 0.3613449972110106, "val_dice": 0.7726616240202426, "lr": 0.00017611103458124532}
{"epoch": 54, "train_loss": 0.3412044072205805, "val_dice": 0.782457567188778, "lr": 0.00017434992423543284}
{"epoch": 55, "train_loss": 0.3408256732994202, "val_dice": 0.7791016883380899, "lr": 0.00017260642499307852}
{"epoch": 56, "train_loss": 0.33429504645922203, "val_dice": 0.7852078991296362, "lr": 0.00017088036074314775}
{"epoch": 57, "train_loss": 0.3163512743249928, "val_dice": 0.7687205665444345, "lr": 0.00016917155713571625}
{"epoch": 58, "train_loss": 0.3960509584941405, "val_dice": 0.7791443378483404, "lr": 0.00016747984156435908}
{"epoch": 59, "train_loss": 0.33690563318792216, "val_dice": 0.7776351219183794, "lr": 0.00016580504314871552}
{"epoch": 60, "train_loss": 0.32946721330404555, "val_dice": 0.7722574070061917, "lr": 0.00016414699271722835}
{"epoch": 61, "train_loss": 0.3148076634977828, "val_dice": 0.7762375096161797, "lr": 0.00016250552279005605}
{"epoch": 62, "train_loss": 0.3002314576441753, "val_dice": 0.7832327886086033, "lr": 0.0001608804675621555}
{"epoch": 63, "train_loss": 0.30379492279999853, "val_dice": 0.7880325224634166, "lr": 0.00015927166288653394}
{"epoch": 64, "train_loss": 0.2914509256578393, "val_dice": 0.7780115208854937, "lr": 0.0001576789462576686}
{"epoch": 65, "train_loss": 0.2830009133067464, "val_dice": 0.7838919716514221, "lr": 0.00015610215679509192}
{"epoch": 66, "train_loss": 0.2785646731262218, "val_dice": 0.7819941747652311, "lr": 0.00015454113522714096}
{"epoch": 67, "train_loss": 0.27798701860309327, "val_dice": 0.7809587778434055, "lr": 0.00015299572387486956}
{"epoch": 68, "train_loss": 0.27603395885754833, "val_dice": 0.7833713454021742, "lr": 0.00015146576663612087}
{"epoch": 69, "train_loss": 0.2717193015525704, "val_dice": 0.7805558694036383, "lr": 0.00014995110896975968}
{"epoch": 70, "train_loss": 0.26815073130671513, "val_dice": 0.7785033207190665, "lr": 0.00014845159788006207}
{"epoch": 71, "train_loss": 0.266020267416658, "val_dice": 0.776132771706963, "lr": 0.00014696708190126145}
{"epoch": 72, "train_loss": 0.27780121100590677, "val_dice": 0.7592528105054894, "lr": 0.00014549741108224883}
{"epoch": 73, "train_loss": 0.25407605489368157, "val_dice": 0.7847467757744429, "lr": 0.00014404243697142634}
{"epoch": 74, "train_loss": 0.2525884142446354, "val_dice": 0.7790370400764849, "lr": 0.00014260201260171207}
{"epoch": 75, "train_loss": 0.24331817063337613, "val_dice": 0.7784722958876831, "lr": 0.00014117599247569495}
{"epoch": 76, "train_loss": 0.247694766535109, "val_dice": 0.7791502077464927, "lr": 0.000139764232550938}
{"epoch": 77, "train_loss": 0.24220149848878997, "val_dice": 0.7689494610651134, "lr": 0.00013836659022542863}
{"epoch": 78, "train_loss": 0.23977656445688944, "val_dice": 0.7791015227544772, "lr": 0.00013698292432317433}
{"epoch": 79, "train_loss": 0.2328364733704723, "val_dice": 0.7746458224082703, "lr": 0.0001356130950799426}
COMPLETE reclmis mosmed 1003
